// Jest Snapshot v1, https://goo.gl/fbAQLP

exports[`<ToeristischVerhuurDetail /> Matches the Full Page snapshot 1`] = `
<DocumentFragment>
  <main
    class="Page DetailPage"
  >
    <header
      class="PageHeading hasIcon hasBackLink"
    >
      <span
        aria-hidden="true"
        class="Icon"
      >
        <svg
          aria-label="Toeristische verhuur"
          class="ChapterIcon"
          fill="black"
        >
          toeristische-verhuur.svg
        </svg>
      </span>
      <div
        class="HeadingInner"
      >
        <a
          class="Button Button__plain Button__lean Linkd BackLink"
          href="/toeristische-verhuur"
        >
          <svg
            aria-hidden="true"
            class="Icon Icon__left"
            fill="#000"
            height="14px"
            width="14px"
          >
            Chevron-Left.svg
          </svg>
          Toeristische verhuur
        </a>
        <h2
          class="Heading Heading__large"
        >
          Geplande Vakantieverhuur
        </h2>
      </div>
    </header>
    <div
      class="PageContent DetailPageContent"
    >
      <div
        class="InfoDetail"
      >
        <h3
          class="Heading Heading__tiny Label"
        >
          Gemeentelijk zaaknummer
        </h3>
        <p
          class="Value"
        >
          Z/000/000005
        </p>
      </div>
      <div
        class="InfoDetail"
      >
        <h3
          class="Heading Heading__tiny Label"
        >
          Ontvangen op
        </h3>
        <p
          class="Value"
        >
          10 mei 2021
        </p>
      </div>
      <div
        class="InfoDetailGroup"
      >
        <div
          class="InfoDetailGroupContent"
        >
          <div
            class="InfoDetail"
          >
            <h3
              class="Heading Heading__tiny Label"
            >
              Datum start verhuur
            </h3>
            <p
              class="Value"
            >
              10 juli 2021
            </p>
          </div>
          <div
            class="InfoDetail"
          >
            <h3
              class="Heading Heading__tiny Label"
            >
              Datum einde verhuur
            </h3>
            <p
              class="Value"
            >
              14 juli 2021
            </p>
          </div>
        </div>
      </div>
      <div
        class="InfoDetail"
      >
        <h3
          class="Heading Heading__tiny Label"
        >
          Aantal nachten
        </h3>
        <p
          class="Value"
        >
          4
        </p>
      </div>
      <div
        class="InfoDetail LocationInfo"
      >
        <h3
          class="Heading Heading__tiny Label"
        >
          Adres
        </h3>
        <p
          class="Value"
        >
          Amstel 1 1017AB Amsterdam 
          <button
            class="Button Button__inline Button__lean MapLink"
          >
            Bekijk op de kaart
          </button>
        </p>
      </div>
    </div>
    <div
      class="StatusLine VergunningStatus"
    >
      <h4
        class="Heading Heading__tiny ListHeading"
      >
        Status
      </h4>
      <ul
        class="List"
      >
        <li
          class="ListItem"
          style="display: block;"
        >
          <div
            class="ListItemInner"
          >
            <div
              aria-label="Vinkje, processtap gereed"
              class="StatusConnection"
            >
              <span
                class="ConnectLine ConnectLine--start-checked"
              />
              <span
                class="Checkmark Checkmark--checked"
              />
            </div>
            <div
              class="Panel Panel--status"
            >
              <strong
                class="StatusTitle"
              >
                Ontvangen
              </strong>
              <time
                class="StatusDate"
              >
                10 mei 2021
              </time>
            </div>
            <div
              class="Panel Panel--description"
            >
              <div
                class="PanelContent"
              />
            </div>
            <div
              class="Panel Panel--documents"
            />
          </div>
        </li>
        <li
          class="ListItem ListItem--highlight"
          style="display: block;"
        >
          <div
            class="ListItemInner"
          >
            <div
              aria-label="Vinkje, processtap gereed"
              class="StatusConnection"
            >
              <span
                class="ConnectLine ConnectLine--end-active ConnectLine--end-checked"
              />
              <span
                class="Checkmark Checkmark--active Checkmark--checked"
              />
            </div>
            <div
              class="Panel Panel--status"
            >
              <strong
                class="StatusTitle"
              >
                Gemeld
              </strong>
              <time
                class="StatusDate"
              >
                10 mei 2021
              </time>
            </div>
            <div
              class="Panel Panel--description"
            >
              <div
                class="PanelContent"
              />
            </div>
            <div
              class="Panel Panel--documents"
            />
          </div>
        </li>
      </ul>
    </div>
  </main>
</DocumentFragment>
`;
