// Jest Snapshot v1, https://goo.gl/fbAQLP

exports[`<InkomenSpecificaties /> Renders a list with Jaaropgaven items 1`] = `"<main class=\\"Page OverviewPage InkomenSpecificaties\\"><header class=\\"PageHeading HasIcon\\"><span aria-hidden=\\"true\\" class=\\"Icon\\"><svg aria-label=\\"ROOT\\" fill=\\"black\\" class=\\"ChapterIcon\\">burgerzaken.svg</svg></span><div class=\\"HeadingInner\\"><a class=\\"Button Button__plain Button__lean Linkd BackLink\\" href=\\"/werk-en-inkomen\\"><svg aria-hidden=\\"true\\" width=\\"14px\\" height=\\"14px\\" class=\\"Icon Icon__left\\">Chevron-Left.svg</svg>Inkomen en Stadspas</a><h2 class=\\"Heading Heading__large\\">Bijstandsuitkering Jaaropgaven</h2></div></header><div class=\\"PageContent\\"></div><section class=\\"Section TableSection\\"><h3 class=\\"Heading Heading__mediumLarge Title TitleWithItems\\">Jaaropgaven</h3><button class=\\"Button Button__secondary SearchButton\\">Zoeken<svg aria-hidden=\\"true\\" width=\\"14px\\" height=\\"14px\\" class=\\"Icon Icon__right\\">Search.svg</svg></button><table class=\\"Table SpecificationsTable\\"><thead><tr class=\\"TableRow\\"><th class=\\"DisplayProp\\">Omschrijving</th><th class=\\"DisplayProp\\">Type</th><th class=\\"DisplayProp\\">Datum</th><th class=\\"DisplayProp\\"></th></tr></thead><tbody><tr class=\\"TableRow\\"><td class=\\"DisplayPropTitle\\">Jaaropgave</td><td class=\\"DisplayProp\\"><span class=\\"DisplayPropLabel\\">Type:</span>BIBI</td><td class=\\"DisplayProp\\"><span class=\\"DisplayPropLabel\\">Datum:</span>06 maart 2016</td><td class=\\"DisplayProp\\"><a href=\\"/api/focus/document?id=x\\" rel=\\"external noopener noreferrer\\" class=\\"DownloadLink\\" download=\\"2016-03-06-Jaaropgave\\"><svg width=\\"14\\" height=\\"14\\">Document.svg</svg> PDF</a></td></tr><tr class=\\"TableRow\\"><td class=\\"DisplayPropTitle\\">Jaaropgave</td><td class=\\"DisplayProp\\"><span class=\\"DisplayPropLabel\\">Type:</span>BIBI</td><td class=\\"DisplayProp\\"><span class=\\"DisplayPropLabel\\">Datum:</span>06 maart 2016</td><td class=\\"DisplayProp\\"><a href=\\"/api/focus/document?id=x\\" rel=\\"external noopener noreferrer\\" class=\\"DownloadLink\\" download=\\"2016-03-06-Jaaropgave\\"><svg width=\\"14\\" height=\\"14\\">Document.svg</svg> PDF</a></td></tr></tbody></table></section></main>"`;

exports[`<InkomenSpecificaties /> Renders a list with Uitkeringspecificaties items 1`] = `"<main class=\\"Page OverviewPage InkomenSpecificaties\\"><header class=\\"PageHeading HasIcon\\"><span aria-hidden=\\"true\\" class=\\"Icon\\"><svg aria-label=\\"ROOT\\" fill=\\"black\\" class=\\"ChapterIcon\\">burgerzaken.svg</svg></span><div class=\\"HeadingInner\\"><a class=\\"Button Button__plain Button__lean Linkd BackLink\\" href=\\"/werk-en-inkomen\\"><svg aria-hidden=\\"true\\" width=\\"14px\\" height=\\"14px\\" class=\\"Icon Icon__left\\">Chevron-Left.svg</svg>Inkomen en Stadspas</a><h2 class=\\"Heading Heading__large\\">Bijstandsuitkering </h2></div></header><div class=\\"PageContent\\"></div><section class=\\"Section TableSection\\"><h3 class=\\"Heading Heading__mediumLarge Title TitleWithItems\\">Uitkeringsspecificaties</h3><button class=\\"Button Button__secondary SearchButton\\">Zoeken<svg aria-hidden=\\"true\\" width=\\"14px\\" height=\\"14px\\" class=\\"Icon Icon__right\\">Search.svg</svg></button><table class=\\"Table SpecificationsTable\\"><thead><tr class=\\"TableRow\\"><th class=\\"DisplayProp\\">Omschrijving</th><th class=\\"DisplayProp\\">Type</th><th class=\\"DisplayProp\\">Datum</th><th class=\\"DisplayProp\\"></th></tr></thead><tbody><tr class=\\"TableRow\\"><td class=\\"DisplayPropTitle\\">Uitkeringspecificatie</td><td class=\\"DisplayProp\\"><span class=\\"DisplayPropLabel\\">Type:</span>STIMREG</td><td class=\\"DisplayProp\\"><span class=\\"DisplayPropLabel\\">Datum:</span>06 juni 2016</td><td class=\\"DisplayProp\\"><a href=\\"/api/focus/document?id=x\\" rel=\\"external noopener noreferrer\\" class=\\"DownloadLink\\" download=\\"2016-06-06-Uitkeringspecificatie\\"><svg width=\\"14\\" height=\\"14\\">Document.svg</svg> PDF</a></td></tr><tr class=\\"TableRow\\"><td class=\\"DisplayPropTitle\\">Uitkeringspecificatie</td><td class=\\"DisplayProp\\"><span class=\\"DisplayPropLabel\\">Type:</span>BBS</td><td class=\\"DisplayProp\\"><span class=\\"DisplayPropLabel\\">Datum:</span>06 april 2016</td><td class=\\"DisplayProp\\"><a href=\\"/api/focus/document?id=x\\" rel=\\"external noopener noreferrer\\" class=\\"DownloadLink\\" download=\\"2016-04-06-Uitkeringspecificatie\\"><svg width=\\"14\\" height=\\"14\\">Document.svg</svg> PDF</a></td></tr></tbody></table></section></main>"`;
