// Jest Snapshot v1, https://goo.gl/fbAQLP

exports[`BRP Profile page Renders all the information provided 1`] = `"<main class=\\"Page DetailPage Profile\\"><header class=\\"PageHeading hasIcon\\"><span aria-hidden=\\"true\\" class=\\"Icon\\"><svg aria-label=\\"ROOT\\" fill=\\"black\\" class=\\"ChapterIcon\\">burgerzaken.svg</svg></span><div class=\\"HeadingInner\\"><h2 class=\\"Heading Heading__large\\">Mijn gegevens</h2></div></header><div class=\\"PageContent Intro\\"><p>In de Basisregistratie Personen legt de gemeente persoonsgegevens over u vast. Het gaat hier bijvoorbeeld om uw naam, adres, geboortedatum of uw burgerlijke staat. De gemeente gebruikt deze gegevens. Belangrijk dus dat deze gegevens kloppen.</p><div class=\\"Alert warning vertrokkenOnbekendWaarheen\\"><svg aria-hidden=\\"true\\" class=\\"Icon\\">Alert.svg</svg> <p>U staat sinds 01 januari 1967 in de BRP geregistreerd als \\"vertrokken – onbekend waarheen\\".</p><p>U kunt uw huidige adres doorgeven bij het Stadsloket. U moet hiervoor een <a rel=\\"external noopener noreferrer\\" href=\\"https://www.amsterdam.nl/veelgevraagd/?productid=%7BCAE578D9-A593-40FC-97C6-46BEA5B51319%7D\\" class=\\"Button Button__inline Button__lean Linkd LinkedInline\\">afspraak</a> maken.</p></div><div class=\\"Alert warning inOnderzoek\\"><svg aria-hidden=\\"true\\" class=\\"Icon\\">Alert.svg</svg> <p>Op dit moment onderzoeken wij of u nog steeds woont op het adres waar u ingeschreven staat.</p><p>U heeft hierover een brief ontvangen. Heeft u nog niet gereageerd? Voorkom een boete en stuur een bericht naar <a rel=\\"external noopener noreferrer\\" href=\\"mailto:adresonderzoek.basisinformatie@amsterdam.nl\\" class=\\"Button Button__inline Button__lean Linkd LinkedInline\\">adresonderzoek.basisinformatie@amsterdam.nl</a>.</p><p><a rel=\\"external noopener noreferrer\\" href=\\"https://www.amsterdam.nl/veelgevraagd/?productid=%7BCAE578D9-A593-40FC-97C6-46BEA5B51319%7D\\" class=\\"Button Button__inline Button__lean Linkd LinkedInline\\">Meer informatie</a>.</p></div></div><div class=\\"InfoPanel DefaultPanel\\"><h3 class=\\"Heading Heading__medium Title\\">Persoonlijke gegevens</h3><div class=\\"InfoPanelContent InfoPanelContent__persoonlijke-gegevens persoonlijke-gegevens\\"><div class=\\"TableWrap\\"><table class=\\"InfoPanelTable\\"><tbody><tr class=\\"InfoPanelTableRow__voornamen\\"><th>Voornamen</th><td>Wesley</td></tr><tr class=\\"InfoPanelTableRow__titel\\"><th>Titel</th><td>Hertogin</td></tr><tr class=\\"InfoPanelTableRow__achternaam\\"><th>Achternaam</th><td>Beemsterboer</td></tr><tr class=\\"InfoPanelTableRow__geslacht\\"><th>Geslacht</th><td>Man</td></tr><tr class=\\"InfoPanelTableRow__bsn\\"><th>BSN</th><td>129095205</td></tr><tr class=\\"InfoPanelTableRow__geboortedatum\\"><th>Geboortedatum</th><td>01 januari 1950</td></tr><tr class=\\"InfoPanelTableRow__geboorteplaats\\"><th>Geboorteplaats</th><td>Lochem</td></tr><tr class=\\"InfoPanelTableRow__geboorteland\\"><th>Geboorteland</th><td>Nederland</td></tr><tr class=\\"InfoPanelTableRow__nationaliteit\\"><th>Nationaliteit</th><td>Nederlandse Turkse</td></tr></tbody></table></div><ul class=\\"InfoPanelActionLinks\\"><li><a rel=\\"external noopener noreferrer\\" href=\\"https://www.amsterdam.nl/veelgevraagd/?productid=%7B989C04B3-AD81-4ABA-8DFE-465A29E2BF85%7D\\" class=\\"Button Button__plain Button__lean Linkd\\"><svg aria-hidden=\\"true\\" width=\\"14px\\" height=\\"14px\\" class=\\"Icon Icon__left\\">Chevron-Right.svg</svg>Inzien of correctie doorgeven</a></li></ul></div></div><div class=\\"InfoPanel DefaultPanel\\"><h3 class=\\"Heading Heading__medium Title\\">Woonadres</h3><div class=\\"InfoPanelContent InfoPanelContent__woonadres woonadres\\"><div class=\\"TableWrap\\"><table class=\\"InfoPanelTable\\"><tbody><tr class=\\"InfoPanelTableRow__straat\\"><th>Straat</th><td>Burgemeester Röellstr 1</td></tr><tr class=\\"InfoPanelTableRow__plaats\\"><th>Plaats</th><td>1064 BH Amsterdam</td></tr><tr class=\\"InfoPanelTableRow__vanaf\\"><th>Vanaf</th><td>01 januari 1967</td></tr></tbody></table></div><ul class=\\"InfoPanelActionLinks\\"><li><a rel=\\"external noopener noreferrer\\" href=\\"https://www.amsterdam.nl/burgerzaken/verhuizing-doorgeven/\\" class=\\"Button Button__plain Button__lean Linkd\\"><svg aria-hidden=\\"true\\" width=\\"14px\\" height=\\"14px\\" class=\\"Icon Icon__left\\">Chevron-Right.svg</svg>Verhuizing doorgeven</a></li></ul></div></div><section class=\\"SectionCollapsible\\"><h3 class=\\"Heading Heading__mediumLarge Title TitleWithItems\\"><button aria-expanded=\\"false\\" class=\\"TitleToggle\\"><svg aria-hidden=\\"true\\" class=\\"CaretIcon\\">Chevron-Right.svg</svg> Burgerlijke staat</button></h3><div class=\\"Panel\\" style=\\"height: 0px;\\" aria-hidden=\\"true\\"><div class=\\"PanelInner\\"><div id=\\"profile-verbintenis\\" class=\\"InfoPanel Verbintenis\\"><div class=\\"InfoPanelContent\\"><div class=\\"TableWrap\\"><table class=\\"InfoPanelTable\\"><tbody><tr class=\\"InfoPanelTableRow__status\\"><th>Status</th><td>Gehuwd</td></tr><tr class=\\"InfoPanelTableRow__vanaf\\"><th>Vanaf</th><td>01 januari 1999</td></tr><tr class=\\"InfoPanelTableRow__plaats\\"><th>Plaats</th><td>Asilah</td></tr><tr class=\\"InfoPanelTableRow__land\\"><th>Land</th><td>Marokko</td></tr><tr class=\\"InfoPanelTableRow__voornamen\\"><th>Voornamen</th><td>Souad</td></tr><tr class=\\"InfoPanelTableRow__achternaam\\"><th>Achternaam</th><td>Bakker</td></tr><tr class=\\"InfoPanelTableRow__bsn\\"><th>BSN</th><td>123456780</td></tr><tr class=\\"InfoPanelTableRow__geboortedatum\\"><th>Geboortedatum</th><td>08 juli 2019</td></tr></tbody></table></div><ul class=\\"InfoPanelActionLinks\\"><li><a rel=\\"external noopener noreferrer\\" href=\\"https://www.amsterdam.nl/veelgevraagd/?productid=%7B989C04B3-AD81-4ABA-8DFE-465A29E2BF85%7D\\" class=\\"Button Button__plain Button__lean Linkd\\"><svg aria-hidden=\\"true\\" width=\\"14px\\" height=\\"14px\\" class=\\"Icon Icon__left\\">Chevron-Right.svg</svg>Inzien of correctie doorgeven</a></li></ul></div></div></div></div></section><section class=\\"SectionCollapsible\\"><h3 class=\\"Heading Heading__mediumLarge Title TitleWithItems\\"><button aria-expanded=\\"false\\" class=\\"TitleToggle\\"><svg aria-hidden=\\"true\\" class=\\"CaretIcon\\">Chevron-Right.svg</svg> Voormalige verbintenissen</button></h3><div class=\\"Panel\\" style=\\"height: 0px;\\" aria-hidden=\\"true\\"><div class=\\"PanelInner\\"><div id=\\"profile-verbintenisHistorisch\\" class=\\"InfoPanel Verbintenis\\"><div class=\\"InfoPanelContent\\"><div class=\\"TableWrap\\"><table class=\\"InfoPanelTable\\"><tbody><tr class=\\"InfoPanelTableRow__verbintenis\\"><th>Verbintenis</th><td>Huwelijk</td></tr><tr class=\\"InfoPanelTableRow__vanaf\\"><th>Vanaf</th><td>01 januari 1912</td></tr><tr class=\\"InfoPanelTableRow__datum-ontbinding\\"><th>Datum ontbinding</th><td>08 juli 1998</td></tr><tr class=\\"InfoPanelTableRow__plaats\\"><th>Plaats</th><td>Asilah</td></tr><tr class=\\"InfoPanelTableRow__land\\"><th>Land</th><td>Marokko</td></tr><tr class=\\"InfoPanelTableRow__voornamen\\"><th>Voornamen</th><td>Souad</td></tr><tr class=\\"InfoPanelTableRow__achternaam\\"><th>Achternaam</th><td>Bakker</td></tr><tr class=\\"InfoPanelTableRow__bsn\\"><th>BSN</th><td>123456780</td></tr><tr class=\\"InfoPanelTableRow__geboortedatum\\"><th>Geboortedatum</th><td>08 juli 2019</td></tr></tbody></table><table class=\\"InfoPanelTable\\"><tbody><tr class=\\"InfoPanelTableRow__verbintenis\\"><th>Verbintenis</th><td>Huwelijk</td></tr><tr class=\\"InfoPanelTableRow__datum-ontbinding\\"><th>Datum ontbinding</th><td>08 juli 2019</td></tr><tr class=\\"InfoPanelTableRow__plaats\\"><th>Plaats</th><td>Asilah</td></tr><tr class=\\"InfoPanelTableRow__land\\"><th>Land</th><td>Marokko</td></tr><tr class=\\"InfoPanelTableRow__voornamen\\"><th>Voornamen</th><td>Souad</td></tr><tr class=\\"InfoPanelTableRow__achternaam\\"><th>Achternaam</th><td>Bakker</td></tr><tr class=\\"InfoPanelTableRow__bsn\\"><th>BSN</th><td>123456780</td></tr><tr class=\\"InfoPanelTableRow__geboortedatum\\"><th>Geboortedatum</th><td>08 juli 2019</td></tr></tbody></table></div><ul class=\\"InfoPanelActionLinks\\"><li><a rel=\\"external noopener noreferrer\\" href=\\"https://www.amsterdam.nl/veelgevraagd/?productid=%7B989C04B3-AD81-4ABA-8DFE-465A29E2BF85%7D\\" class=\\"Button Button__plain Button__lean Linkd\\"><svg aria-hidden=\\"true\\" width=\\"14px\\" height=\\"14px\\" class=\\"Icon Icon__left\\">Chevron-Right.svg</svg>Inzien of correctie doorgeven</a></li></ul></div></div></div></div></section><section class=\\"SectionCollapsible\\"><h3 class=\\"Heading Heading__mediumLarge Title TitleWithItems\\"><button aria-expanded=\\"false\\" class=\\"TitleToggle\\"><svg aria-hidden=\\"true\\" class=\\"CaretIcon\\">Chevron-Right.svg</svg> Kinderen</button></h3><div class=\\"Panel\\" style=\\"height: 0px;\\" aria-hidden=\\"true\\"><div class=\\"PanelInner\\"><div id=\\"profile-kinderen\\" class=\\"InfoPanel\\"><div class=\\"InfoPanelContent\\"><div class=\\"TableWrap\\"><table class=\\"InfoPanelTable\\"><tbody><tr class=\\"InfoPanelTableRow__voornamen\\"><th>Voornamen</th><td>Yassine</td></tr><tr class=\\"InfoPanelTableRow__achternaam\\"><th>Achternaam</th><td>Kosterijk</td></tr><tr class=\\"InfoPanelTableRow__bsn\\"><th>BSN</th><td>123456780</td></tr><tr class=\\"InfoPanelTableRow__geboortedatum\\"><th>Geboortedatum</th><td>08 juli 2019</td></tr></tbody></table><table class=\\"InfoPanelTable\\"><tbody><tr class=\\"InfoPanelTableRow__voornamen\\"><th>Voornamen</th><td>Marwan</td></tr><tr class=\\"InfoPanelTableRow__achternaam\\"><th>Achternaam</th><td>Kosterijk</td></tr><tr class=\\"InfoPanelTableRow__bsn\\"><th>BSN</th><td>123456780</td></tr><tr class=\\"InfoPanelTableRow__geboortedatum\\"><th>Geboortedatum</th><td>08 juli 2019</td></tr><tr class=\\"InfoPanelTableRow__datum-overlijden\\"><th>Datum overlijden</th><td>08 juli 2019</td></tr></tbody></table></div><ul class=\\"InfoPanelActionLinks\\"><li><a rel=\\"external noopener noreferrer\\" href=\\"https://www.amsterdam.nl/veelgevraagd/?productid=%7B989C04B3-AD81-4ABA-8DFE-465A29E2BF85%7D\\" class=\\"Button Button__plain Button__lean Linkd\\"><svg aria-hidden=\\"true\\" width=\\"14px\\" height=\\"14px\\" class=\\"Icon Icon__left\\">Chevron-Right.svg</svg>Inzien of correctie doorgeven</a></li></ul></div></div></div></div></section><section class=\\"SectionCollapsible\\"><h3 class=\\"Heading Heading__mediumLarge Title TitleWithItems\\"><button aria-expanded=\\"false\\" class=\\"TitleToggle\\"><svg aria-hidden=\\"true\\" class=\\"CaretIcon\\">Chevron-Right.svg</svg> Ouders</button></h3><div class=\\"Panel\\" style=\\"height: 0px;\\" aria-hidden=\\"true\\"><div class=\\"PanelInner\\"><div id=\\"profile-ouders\\" class=\\"InfoPanel\\"><div class=\\"InfoPanelContent\\"><div class=\\"TableWrap\\"><table class=\\"InfoPanelTable\\"><tbody><tr class=\\"InfoPanelTableRow__voornamen\\"><th>Voornamen</th><td>Senior</td></tr><tr class=\\"InfoPanelTableRow__achternaam\\"><th>Achternaam</th><td>Beemsterboer</td></tr><tr class=\\"InfoPanelTableRow__geslacht\\"><th>Geslacht</th><td>Man</td></tr><tr class=\\"InfoPanelTableRow__bsn\\"><th>BSN</th><td>123456780</td></tr><tr class=\\"InfoPanelTableRow__geboortedatum\\"><th>Geboortedatum</th><td>01 januari 1920</td></tr><tr class=\\"InfoPanelTableRow__geboorteplaats\\"><th>Geboorteplaats</th><td>Lochem</td></tr><tr class=\\"InfoPanelTableRow__geboorteland\\"><th>Geboorteland</th><td>Nederland</td></tr><tr class=\\"InfoPanelTableRow__nationaliteit\\"><th>Nationaliteit</th><td>Nederlandse</td></tr></tbody></table><table class=\\"InfoPanelTable\\"><tbody><tr class=\\"InfoPanelTableRow__voornamen\\"><th>Voornamen</th><td>Seniora</td></tr><tr class=\\"InfoPanelTableRow__achternaam\\"><th>Achternaam</th><td>Beemsterboerin</td></tr><tr class=\\"InfoPanelTableRow__geslacht\\"><th>Geslacht</th><td>Vrouw</td></tr><tr class=\\"InfoPanelTableRow__bsn\\"><th>BSN</th><td>123456780</td></tr><tr class=\\"InfoPanelTableRow__geboortedatum\\"><th>Geboortedatum</th><td>01 januari 1920</td></tr><tr class=\\"InfoPanelTableRow__geboorteplaats\\"><th>Geboorteplaats</th><td>Lochem</td></tr><tr class=\\"InfoPanelTableRow__geboorteland\\"><th>Geboorteland</th><td>Nederland</td></tr><tr class=\\"InfoPanelTableRow__nationaliteit\\"><th>Nationaliteit</th><td>Nederlandse</td></tr></tbody></table></div></div></div></div></div></section><section class=\\"SectionCollapsible\\"><h3 class=\\"Heading Heading__mediumLarge Title TitleWithItems\\"><button aria-expanded=\\"false\\" class=\\"TitleToggle\\"><svg aria-hidden=\\"true\\" class=\\"CaretIcon\\">Chevron-Right.svg</svg> Vorige woonadressen</button></h3><div class=\\"Panel\\" style=\\"height: 0px;\\" aria-hidden=\\"true\\"><div class=\\"PanelInner\\"><div id=\\"profile-adresHistorisch\\" class=\\"InfoPanel\\"><div class=\\"InfoPanelContent\\"><div class=\\"TableWrap\\"><table class=\\"InfoPanelTable\\"><tbody><tr class=\\"InfoPanelTableRow__straat\\"><th>Straat</th><td>Burgemeester Röellstr 1</td></tr><tr class=\\"InfoPanelTableRow__plaats\\"><th>Plaats</th><td>1064 BH Amsterdam</td></tr><tr class=\\"InfoPanelTableRow__vanaf\\"><th>Vanaf</th><td>01 januari 1967</td></tr></tbody></table><table class=\\"InfoPanelTable\\"><tbody><tr class=\\"InfoPanelTableRow__straat\\"><th>Straat</th><td>Burgemeester Röellstr 1</td></tr><tr class=\\"InfoPanelTableRow__plaats\\"><th>Plaats</th><td>1064 BH Amsterdam</td></tr><tr class=\\"InfoPanelTableRow__vanaf\\"><th>Vanaf</th><td>01 januari 1967</td></tr></tbody></table></div></div></div></div></div></section></main>"`;
