// Jest Snapshot v1, https://goo.gl/fbAQLP

exports[`LoadingContent component Show the correct custom barConfig 1`] = `"<span class=\\"LoadingContent\\"><span style=\\"width:300px;height:20px;margin-bottom:10px\\"></span><span style=\\"width:200px;height:10px;margin-bottom:5px\\"></span></span>"`;

exports[`LoadingContent component Show the correct default barConfig 1`] = `"<span class=\\"LoadingContent\\"><span style=\\"width:70%;height:2rem;margin-bottom:.7rem\\"></span><span style=\\"width:90%;height:2rem;margin-bottom:.7rem\\"></span><span style=\\"width:90%;height:2rem;margin-bottom:.7rem\\"></span><span style=\\"width:40%;height:2rem;margin-bottom:0\\"></span></span>"`;
