// Jest Snapshot v1, https://goo.gl/fbAQLP

exports[`InfoPanel Doesn\`t omit falsey values 1`] = `"<div class=\\"InfoPanel\\"><div class=\\"InfoPanelContent\\"><div class=\\"TableWrap\\"><table class=\\"InfoPanelTable\\"><tbody><tr class=\\"InfoPanelTableRow__foo\\"><th>foo</th><td>bar</td></tr><tr class=\\"InfoPanelTableRow__bar\\"><th>bar</th><td></td></tr></tbody></table></div></div></div>"`;

exports[`InfoPanel Renders everything correctly 1`] = `"<div class=\\"InfoPanel\\"><h3 class=\\"Heading Heading__medium Title\\">The InfoPanel</h3><div class=\\"InfoPanelContent InfoPanelContent__the-infopanel the-infopanel\\"><div class=\\"TableWrap\\"><table class=\\"InfoPanelTable\\"><tbody><tr class=\\"InfoPanelTableRow__foo\\"><th>foo</th><td>bar</td></tr></tbody></table></div><ul class=\\"InfoPanelActionLinks\\"><li><a rel=\\"external noopener noreferrer\\" href=\\"http://example.org\\" class=\\"Button Button__plain Button__lean Linkd\\"><svg aria-hidden=\\"true\\" width=\\"14px\\" height=\\"14px\\" fill=\\"#000\\" class=\\"Icon Icon__left\\">Chevron-Right.svg</svg>An external actionLink!</a></li><li><a class=\\"Button Button__plain Button__lean Linkd\\" href=\\"/http://example.org\\"><svg aria-hidden=\\"true\\" width=\\"14px\\" height=\\"14px\\" fill=\\"#000\\" class=\\"Icon Icon__left\\">Chevron-Right.svg</svg>An internal actionLink!</a></li></ul></div></div>"`;
