// Jest Snapshot v1, https://goo.gl/fbAQLP

exports[`SectionCollapsible should show title and "no items message" 1`] = `"<section class=\\"SectionCollapsible\\"><h3 class=\\"Heading Heading__mediumLarge Title\\"><svg aria-hidden=\\"true\\" class=\\"CaretIcon\\">Chevron-Right.svg</svg> My Items</h3><p class=\\"NoItemsMessage\\">No items</p></section>"`;
