// Jest Snapshot v1, https://goo.gl/fbAQLP

exports[`<Vergunningen /> Matches the Full Page snapshot 1`] = `
<DocumentFragment>
  <main
    class="Page OverviewPage Vergunningen"
  >
    <header
      class="PageHeading hasIcon hasBackLink"
    >
      <span
        aria-hidden="true"
        class="Icon"
      >
        <svg
          aria-label="Vergunningen"
          class="ChapterIcon"
          fill="black"
        >
          vergunningen.svg
        </svg>
      </span>
      <div
        class="HeadingInner"
      >
        <a
          class="Button Button__plain Button__lean Linkd BackLink"
          href="/"
        >
          <svg
            aria-hidden="true"
            class="Icon Icon__left"
            fill="#000"
            height="14px"
            width="14px"
          >
            Chevron-Left.svg
          </svg>
          Home
        </a>
        <h2
          class="Heading Heading__large"
        >
          Vergunningen
        </h2>
      </div>
    </header>
    <div
      class="PageContent"
    >
      <p>
        Hier ziet u een overzicht van uw aanvragen voor vergunningen en ontheffingen bij gemeente Amsterdam.
      </p>
      <p>
        <a
          class="Button Button__plain Button__lean Linkd"
          href="https://www.amsterdam.nl/veelgevraagd/?productid=%7BE4341B52-1FC0-4E17-AB68-2B3AFE15160A%7D"
          rel="external noopener noreferrer"
        >
          <svg
            aria-hidden="true"
            class="Icon Icon__left"
            fill="#000"
            height="14px"
            width="14px"
          >
            Chevron-Right.svg
          </svg>
          Ontheffing RVV en TVM aanvragen
        </a>
      </p>
    </div>
    <section
      class="SectionCollapsible SectionCollapsibleCurrent"
    >
      <h3
        class="Heading Heading__mediumLarge Title TitleWithItems"
      >
        <button
          aria-expanded="true"
          class="TitleToggle"
        >
          <svg
            aria-hidden="true"
            class="CaretIcon"
          >
            Chevron-Right.svg
          </svg>
           Lopende aanvragen
        </button>
      </h3>
      <div
        aria-hidden="false"
        class="Panel"
        style="height: 0px;"
      >
        <div
          class="PanelInner"
        >
          <table
            class="Table Table"
          >
            <thead>
              <tr
                class="TableRow"
              >
                <th
                  class="DisplayProp"
                >
                  Kenmerk
                </th>
                <th
                  class="DisplayProp"
                >
                  Soort vergunning
                </th>
                <th
                  class="DisplayProp"
                >
                  Aangevraagd
                </th>
              </tr>
            </thead>
            <tbody>
              <tr
                class="TableRow"
              >
                <td
                  class="DisplayPropTitle"
                >
                  <a
                    class="Button Button__plain Button__lean Linkd"
                    href="/vergunningen/detail/1862294070"
                  >
                    <svg
                      aria-hidden="true"
                      class="Icon Icon__left"
                      fill="#000"
                      height="14px"
                      width="14px"
                    >
                      Chevron-Right.svg
                    </svg>
                    Z/20/1597197
                  </a>
                </td>
                <td
                  class="DisplayProp"
                >
                  <span
                    class="DisplayPropLabel"
                  >
                    Soort vergunning:
                  </span>
                  <span>
                    TVM - RVV - Object
                  </span>
                </td>
                <td
                  class="DisplayProp"
                >
                  <span
                    class="DisplayPropLabel"
                  >
                    Aangevraagd:
                  </span>
                  <span>
                    24 juni 2020
                  </span>
                </td>
              </tr>
              <tr
                class="TableRow"
              >
                <td
                  class="DisplayPropTitle"
                >
                  <a
                    class="Button Button__plain Button__lean Linkd"
                    href="/vergunningen/detail/881727095"
                  >
                    <svg
                      aria-hidden="true"
                      class="Icon Icon__left"
                      fill="#000"
                      height="14px"
                      width="14px"
                    >
                      Chevron-Right.svg
                    </svg>
                    Z/20/1597196
                  </a>
                </td>
                <td
                  class="DisplayProp"
                >
                  <span
                    class="DisplayPropLabel"
                  >
                    Soort vergunning:
                  </span>
                  <span>
                    TVM - RVV - Object
                  </span>
                </td>
                <td
                  class="DisplayProp"
                >
                  <span
                    class="DisplayPropLabel"
                  >
                    Aangevraagd:
                  </span>
                  <span>
                    24 juni 2020
                  </span>
                </td>
              </tr>
              <tr
                class="TableRow"
              >
                <td
                  class="DisplayPropTitle"
                >
                  <a
                    class="Button Button__plain Button__lean Linkd"
                    href="/vergunningen/detail/1619362356"
                  >
                    <svg
                      aria-hidden="true"
                      class="Icon Icon__left"
                      fill="#000"
                      height="14px"
                      width="14px"
                    >
                      Chevron-Right.svg
                    </svg>
                    Z/20/1597195
                  </a>
                </td>
                <td
                  class="DisplayProp"
                >
                  <span
                    class="DisplayPropLabel"
                  >
                    Soort vergunning:
                  </span>
                  <span>
                    TVM - RVV - Object
                  </span>
                </td>
                <td
                  class="DisplayProp"
                >
                  <span
                    class="DisplayPropLabel"
                  >
                    Aangevraagd:
                  </span>
                  <span>
                    24 juni 2020
                  </span>
                </td>
              </tr>
              <tr
                class="TableRow"
              >
                <td
                  class="DisplayPropTitle"
                >
                  <a
                    class="Button Button__plain Button__lean Linkd"
                    href="/vergunningen/detail/638795381"
                  >
                    <svg
                      aria-hidden="true"
                      class="Icon Icon__left"
                      fill="#000"
                      height="14px"
                      width="14px"
                    >
                      Chevron-Right.svg
                    </svg>
                    Z/20/1597194
                  </a>
                </td>
                <td
                  class="DisplayProp"
                >
                  <span
                    class="DisplayPropLabel"
                  >
                    Soort vergunning:
                  </span>
                  <span>
                    TVM - RVV - Object
                  </span>
                </td>
                <td
                  class="DisplayProp"
                >
                  <span
                    class="DisplayPropLabel"
                  >
                    Aangevraagd:
                  </span>
                  <span>
                    24 juni 2020
                  </span>
                </td>
              </tr>
              <tr
                class="TableRow"
              >
                <td
                  class="DisplayPropTitle"
                >
                  <a
                    class="Button Button__plain Button__lean Linkd"
                    href="/vergunningen/detail/1608378930"
                  >
                    <svg
                      aria-hidden="true"
                      class="Icon Icon__left"
                      fill="#000"
                      height="14px"
                      width="14px"
                    >
                      Chevron-Right.svg
                    </svg>
                    Z/20/1597193
                  </a>
                </td>
                <td
                  class="DisplayProp"
                >
                  <span
                    class="DisplayPropLabel"
                  >
                    Soort vergunning:
                  </span>
                  <span>
                    TVM - RVV - Object
                  </span>
                </td>
                <td
                  class="DisplayProp"
                >
                  <span
                    class="DisplayPropLabel"
                  >
                    Aangevraagd:
                  </span>
                  <span>
                    24 juni 2020
                  </span>
                </td>
              </tr>
              <tr
                class="TableRow"
              >
                <td
                  class="DisplayPropTitle"
                >
                  <a
                    class="Button Button__plain Button__lean Linkd"
                    href="/vergunningen/detail/4043653692"
                  >
                    <svg
                      aria-hidden="true"
                      class="Icon Icon__left"
                      fill="#000"
                      height="14px"
                      width="14px"
                    >
                      Chevron-Right.svg
                    </svg>
                    Z/20/1592761
                  </a>
                </td>
                <td
                  class="DisplayProp"
                >
                  <span
                    class="DisplayPropLabel"
                  >
                    Soort vergunning:
                  </span>
                  <span>
                    TVM - RVV - Object
                  </span>
                </td>
                <td
                  class="DisplayProp"
                >
                  <span
                    class="DisplayPropLabel"
                  >
                    Aangevraagd:
                  </span>
                  <span>
                    08 juni 2020
                  </span>
                </td>
              </tr>
              <tr
                class="TableRow"
              >
                <td
                  class="DisplayPropTitle"
                >
                  <a
                    class="Button Button__plain Button__lean Linkd"
                    href="/vergunningen/detail/211045982"
                  >
                    <svg
                      aria-hidden="true"
                      class="Icon Icon__left"
                      fill="#000"
                      height="14px"
                      width="14px"
                    >
                      Chevron-Right.svg
                    </svg>
                    Z/20/1592552
                  </a>
                </td>
                <td
                  class="DisplayProp"
                >
                  <span
                    class="DisplayPropLabel"
                  >
                    Soort vergunning:
                  </span>
                  <span>
                    TVM - RVV - Object
                  </span>
                </td>
                <td
                  class="DisplayProp"
                >
                  <span
                    class="DisplayPropLabel"
                  >
                    Aangevraagd:
                  </span>
                  <span>
                    06 mei 2020
                  </span>
                </td>
              </tr>
              <tr
                class="TableRow"
              >
                <td
                  class="DisplayPropTitle"
                >
                  <a
                    class="Button Button__plain Button__lean Linkd"
                    href="/vergunningen/detail/2226696250"
                  >
                    <svg
                      aria-hidden="true"
                      class="Icon Icon__left"
                      fill="#000"
                      height="14px"
                      width="14px"
                    >
                      Chevron-Right.svg
                    </svg>
                    Z/20/1592521
                  </a>
                </td>
                <td
                  class="DisplayProp"
                >
                  <span
                    class="DisplayPropLabel"
                  >
                    Soort vergunning:
                  </span>
                  <span>
                    TVM - RVV - Object
                  </span>
                </td>
                <td
                  class="DisplayProp"
                >
                  <span
                    class="DisplayPropLabel"
                  >
                    Aangevraagd:
                  </span>
                  <span>
                    03 mei 2020
                  </span>
                </td>
              </tr>
            </tbody>
          </table>
        </div>
      </div>
    </section>
    <section
      class="SectionCollapsible SectionCollapsiblePrevious"
    >
      <h3
        class="Heading Heading__mediumLarge Title TitleWithItems"
      >
        <button
          aria-expanded="false"
          class="TitleToggle"
        >
          <svg
            aria-hidden="true"
            class="CaretIcon"
          >
            Chevron-Right.svg
          </svg>
           Eerdere aanvragen
        </button>
      </h3>
      <div
        aria-hidden="true"
        class="Panel"
        style="height: 0px;"
      >
        <div
          class="PanelInner"
        >
          <table
            class="Table Table"
          >
            <thead>
              <tr
                class="TableRow"
              >
                <th
                  class="DisplayProp"
                >
                  Kenmerk
                </th>
                <th
                  class="DisplayProp"
                >
                  Soort vergunning
                </th>
                <th
                  class="DisplayProp"
                >
                  Resultaat
                </th>
              </tr>
            </thead>
            <tbody>
              <tr
                class="TableRow"
              >
                <td
                  class="DisplayPropTitle"
                >
                  <a
                    class="Button Button__plain Button__lean Linkd"
                    href="/vergunningen/detail/1515509663"
                  >
                    <svg
                      aria-hidden="true"
                      class="Icon Icon__left"
                      fill="#000"
                      height="14px"
                      width="14px"
                    >
                      Chevron-Right.svg
                    </svg>
                    Z/20/1597204
                  </a>
                </td>
                <td
                  class="DisplayProp"
                >
                  <span
                    class="DisplayPropLabel"
                  >
                    Soort vergunning:
                  </span>
                  <span>
                    TVM - RVV - Object
                  </span>
                </td>
                <td
                  class="DisplayProp"
                >
                  <span
                    class="DisplayPropLabel"
                  >
                    Resultaat:
                  </span>
                  <span>
                    Verleend
                  </span>
                </td>
              </tr>
              <tr
                class="TableRow"
              >
                <td
                  class="DisplayPropTitle"
                >
                  <a
                    class="Button Button__plain Button__lean Linkd"
                    href="/vergunningen/detail/3607311896"
                  >
                    <svg
                      aria-hidden="true"
                      class="Icon Icon__left"
                      fill="#000"
                      height="14px"
                      width="14px"
                    >
                      Chevron-Right.svg
                    </svg>
                    Z/20/1597203
                  </a>
                </td>
                <td
                  class="DisplayProp"
                >
                  <span
                    class="DisplayPropLabel"
                  >
                    Soort vergunning:
                  </span>
                  <span>
                    TVM - RVV - Object
                  </span>
                </td>
                <td
                  class="DisplayProp"
                >
                  <span
                    class="DisplayPropLabel"
                  >
                    Resultaat:
                  </span>
                  <span>
                    Ingetrokken
                  </span>
                </td>
              </tr>
              <tr
                class="TableRow"
              >
                <td
                  class="DisplayPropTitle"
                >
                  <a
                    class="Button Button__plain Button__lean Linkd"
                    href="/vergunningen/detail/926876057"
                  >
                    <svg
                      aria-hidden="true"
                      class="Icon Icon__left"
                      fill="#000"
                      height="14px"
                      width="14px"
                    >
                      Chevron-Right.svg
                    </svg>
                    Z/20/1597202
                  </a>
                </td>
                <td
                  class="DisplayProp"
                >
                  <span
                    class="DisplayPropLabel"
                  >
                    Soort vergunning:
                  </span>
                  <span>
                    TVM - RVV - Object
                  </span>
                </td>
                <td
                  class="DisplayProp"
                >
                  <span
                    class="DisplayPropLabel"
                  >
                    Resultaat:
                  </span>
                  <span>
                    Niet verleend
                  </span>
                </td>
              </tr>
              <tr
                class="TableRow"
              >
                <td
                  class="DisplayPropTitle"
                >
                  <a
                    class="Button Button__plain Button__lean Linkd"
                    href="/vergunningen/detail/3240785464"
                  >
                    <svg
                      aria-hidden="true"
                      class="Icon Icon__left"
                      fill="#000"
                      height="14px"
                      width="14px"
                    >
                      Chevron-Right.svg
                    </svg>
                    Z/20/1597199
                  </a>
                </td>
                <td
                  class="DisplayProp"
                >
                  <span
                    class="DisplayPropLabel"
                  >
                    Soort vergunning:
                  </span>
                  <span>
                    TVM - RVV - Object
                  </span>
                </td>
                <td
                  class="DisplayProp"
                >
                  <span
                    class="DisplayPropLabel"
                  >
                    Resultaat:
                  </span>
                  <span>
                    Verleend
                  </span>
                </td>
              </tr>
              <tr
                class="TableRow"
              >
                <td
                  class="DisplayPropTitle"
                >
                  <a
                    class="Button Button__plain Button__lean Linkd"
                    href="/vergunningen/detail/2952768564"
                  >
                    <svg
                      aria-hidden="true"
                      class="Icon Icon__left"
                      fill="#000"
                      height="14px"
                      width="14px"
                    >
                      Chevron-Right.svg
                    </svg>
                    Z/20/1595179
                  </a>
                </td>
                <td
                  class="DisplayProp"
                >
                  <span
                    class="DisplayPropLabel"
                  >
                    Soort vergunning:
                  </span>
                  <span>
                    TVM - RVV - Object
                  </span>
                </td>
                <td
                  class="DisplayProp"
                >
                  <span
                    class="DisplayPropLabel"
                  >
                    Resultaat:
                  </span>
                  <span>
                    Verleend
                  </span>
                </td>
              </tr>
              <tr
                class="TableRow"
              >
                <td
                  class="DisplayPropTitle"
                >
                  <a
                    class="Button Button__plain Button__lean Linkd"
                    href="/vergunningen/detail/2618219588"
                  >
                    <svg
                      aria-hidden="true"
                      class="Icon Icon__left"
                      fill="#000"
                      height="14px"
                      width="14px"
                    >
                      Chevron-Right.svg
                    </svg>
                    Z/20/615500
                  </a>
                </td>
                <td
                  class="DisplayProp"
                >
                  <span
                    class="DisplayPropLabel"
                  >
                    Soort vergunning:
                  </span>
                  <span>
                    TVM - RVV - Object
                  </span>
                </td>
                <td
                  class="DisplayProp"
                >
                  <span
                    class="DisplayPropLabel"
                  >
                    Resultaat:
                  </span>
                  <span>
                    Verleend
                  </span>
                </td>
              </tr>
              <tr
                class="TableRow"
              >
                <td
                  class="DisplayPropTitle"
                >
                  <a
                    class="Button Button__plain Button__lean Linkd"
                    href="/vergunningen/detail/4195945502"
                  >
                    <svg
                      aria-hidden="true"
                      class="Icon Icon__left"
                      fill="#000"
                      height="14px"
                      width="14px"
                    >
                      Chevron-Right.svg
                    </svg>
                    Z/20/1597205
                  </a>
                </td>
                <td
                  class="DisplayProp"
                >
                  <span
                    class="DisplayPropLabel"
                  >
                    Soort vergunning:
                  </span>
                  <span>
                    TVM - RVV - Object
                  </span>
                </td>
                <td
                  class="DisplayProp"
                >
                  <span
                    class="DisplayPropLabel"
                  >
                    Resultaat:
                  </span>
                  <span>
                    Verleend
                  </span>
                </td>
              </tr>
            </tbody>
          </table>
        </div>
      </div>
    </section>
  </main>
</DocumentFragment>
`;
