// Vitest Snapshot v1, https://vitest.dev/guide/snapshot.html

exports[`ParkerenList > should display the list of parkeervergunningen 1`] = `
<DocumentFragment>
  <main
    class="_Page_47d7c0 _OverviewPage_47d7c0"
  >
    <header
      class="_PageHeading_3b337d _hasIcon_3b337d _hasBackLink_3b337d"
    >
      <span
        aria-hidden="true"
        class="_Icon_3b337d"
      >
        <svg
          aria-label="Parkeren"
          class="_ThemaIcon_2fc54d"
          fill="black"
          height="34px"
          viewBox="0 0 56 34"
          width="56px"
          xmlns="http://www.w3.org/2000/svg"
          xmlns:xlink="http://www.w3.org/1999/xlink"
        >
          <g
            transform="translate(0, -12.000000)"
          >
            <path
              d="M42,35 C44.8994949,35 47.25,37.3505051 47.25,40.25 C47.25,43.1494949 44.8994949,45.5 42,45.5 C39.1005051,45.5 36.75,43.1494949 36.75,40.25 C36.75,37.3505051 39.1005051,35 42,35 Z M12.25,35 C15.1494949,35 17.5,37.3505051 17.5,40.25 C17.5,43.1494949 15.1494949,45.5 12.25,45.5 C9.35050506,45.5 7,43.1494949 7,40.25 C7,37.3505051 9.35050506,35 12.25,35 Z M33.25,12.25 L45.5,24.5 L56,24.5 L56,40.25 L50.75,40.25 C50.75,35.4175084 46.8324916,31.5 42,31.5 C37.1675084,31.5 33.25,35.4175084 33.25,40.25 L21,40.25 C21,35.4175084 17.0824916,31.5 12.25,31.5 C7.41750844,31.5 3.5,35.4175084 3.5,40.25 L-9.9475983e-14,40.25 L-9.9475983e-14,24.5 L12.25,12.25 L33.25,12.25 Z M31.5,15.75 L22.75,15.75 L22.75,24.5 L40.1833496,24.5 L31.5,15.75 Z M19.25,15.75 L14,15.75 L5.25,24.5 L19.25,24.5 L19.25,15.75 Z"
              id="Combined-Shape"
            />
          </g>
        </svg>
      </span>
      <div
        class="_HeadingInner_3b337d"
      >
        <a
          class="ams-link ams-link--standalone _BackLink_3b337d"
          href="/"
        >
          <span
            class="ams-icon ams-icon--size-5"
          >
            <svg
              aria-hidden="true"
              focusable="false"
              viewBox="0 0 32 32"
              xmlns="http://www.w3.org/2000/svg"
            >
              <path
                d="m22.857 32-16-16 16-16 2.9 2.91L12.677 16l13.08 13.09z"
                fill-rule="evenodd"
              />
            </svg>
          </span>
          <span>
            Terug
          </span>
        </a>
        <h2
          class="ams-heading ams-heading--level-1"
        >
          Lopende aanvragen
        </h2>
      </div>
    </header>
    <div
      class="ams-screen ams-screen--wide"
    >
      <div
        class="ams-grid"
      >
        <div
          class="ams-grid__cell ams-grid__cell--span-all"
        >
          <div
            class="ams-table"
          >
            <table
              class="ams-table__table _TableV2_4c6825"
            >
              <thead
                class="ams-table__header"
              >
                <tr
                  class="ams-table__row"
                >
                  <th
                    class="ams-table__header-cell"
                  >
                    Kenmerk
                  </th>
                  <th
                    class="ams-table__header-cell"
                  >
                    Soort vergunning
                  </th>
                  <th
                    class="ams-table__header-cell"
                  >
                    Aangevraagd
                  </th>
                </tr>
              </thead>
              <tbody
                class="ams-table__body"
              >
                <tr
                  class="ams-table__row"
                >
                  <td
                    class="ams-table__cell"
                  >
                    Z/24/2233516
                  </td>
                  <td
                    class="ams-table__cell"
                  >
                    <a
                      class="ams-link ams-link--standalone _MaRouterLink__no-underline-fat_aa758a"
                      href="/parkeren/gpp/Z-24-2233516"
                    >
                      Vergunning 1
                    </a>
                  </td>
                  <td
                    class="ams-table__cell"
                  >
                    05 juni 2024
                  </td>
                </tr>
                <tr
                  class="ams-table__row"
                >
                  <td
                    class="ams-table__cell"
                  >
                    Z/24/2233516
                  </td>
                  <td
                    class="ams-table__cell"
                  >
                    <a
                      class="ams-link ams-link--standalone _MaRouterLink__no-underline-fat_aa758a"
                      href="/parkeren/gpp/Z-24-2233516"
                    >
                      Vergunning 2
                    </a>
                  </td>
                  <td
                    class="ams-table__cell"
                  >
                    05 juni 2024
                  </td>
                </tr>
              </tbody>
            </table>
          </div>
        </div>
      </div>
    </div>
  </main>
</DocumentFragment>
`;
