// Vitest Snapshot v1, https://vitest.dev/guide/snapshot.html

exports[`BRP data api + transformation > should transform the source data 1`] = `
{
  "adres": {
    "_adresSleutel": "xxxcasdasfada",
    "adresType": "correspondentie",
    "begindatumVerblijf": "1967-01-01",
    "einddatumVerblijf": "1967-01-01",
    "huisletter": null,
    "huisnummer": "113",
    "huisnummertoevoeging": null,
    "landnaam": "Nederland",
    "postcode": "1018 DN",
    "straatnaam": "Weesperstraat",
    "woonplaatsNaam": "Amsterdam",
  },
  "adresHistorisch": [
    {
      "adresType": "woon",
      "begindatumVerblijf": "2005-09-01",
      "einddatumVerblijf": "2012-08-01",
      "huisletter": null,
      "huisnummer": "9",
      "huisnummertoevoeging": "H",
      "landnaam": "Nederland",
      "postcode": "1098 NK",
      "straatnaam": "Ampèrestraat",
      "woonplaatsNaam": "Amsterdam",
    },
    {
      "adresType": "woon",
      "begindatumVerblijf": "1990-01-01",
      "einddatumVerblijf": "2005-09-01",
      "huisletter": null,
      "huisnummer": "9",
      "huisnummertoevoeging": "3",
      "landnaam": "Nederland",
      "postcode": "1098 AA",
      "straatnaam": "Middenweg",
      "woonplaatsNaam": "Amsterdam",
    },
  ],
  "fetchUrlAantalBewoners": "http://bff-api-host/api/v1/service/mks/aantal-bewoners/xxxcasdasfada",
  "identiteitsbewijzen": [
    {
      "datumAfloop": "2025-10-15",
      "datumUitgifte": "2015-10-15",
      "documentNummer": "PP57XKG54",
      "documentType": "paspoort",
      "id": "een-hash-van-documentnummer-1",
      "link": {
        "title": "paspoort",
        "to": "/burgerzaken/id-kaart/een-hash-van-documentnummer-1",
      },
      "title": "paspoort",
    },
    {
      "datumAfloop": "2020-09-11",
      "datumUitgifte": "2010-09-11",
      "documentNummer": "IE9962819",
      "documentType": "europese identiteitskaart",
      "id": "een-hash-van-documentnummer-2",
      "link": {
        "title": "europese identiteitskaart",
        "to": "/burgerzaken/id-kaart/een-hash-van-documentnummer-2",
      },
      "title": "ID-kaart",
    },
  ],
  "kinderen": [
    {
      "bsn": "123456780",
      "geboortedatum": "2016-07-08",
      "geslachtsaanduiding": "M",
      "geslachtsnaam": "Kosterijk",
      "overlijdensdatum": null,
      "voornamen": "Yassine",
      "voorvoegselGeslachtsnaam": null,
    },
    {
      "bsn": "123456780",
      "geboortedatum": "2019-07-08",
      "geslachtsaanduiding": "M",
      "geslachtsnaam": "Kosterijk",
      "overlijdensdatum": null,
      "voornamen": "Marwan",
      "voorvoegselGeslachtsnaam": null,
    },
  ],
  "kvkNummer": "123123123",
  "ouders": [
    {
      "bsn": "123456780",
      "geboortedatum": "1920-01-01",
      "geboortelandnaam": "Nederland",
      "geboorteplaatsnaam": "Lochem",
      "geslachtsnaam": "Beemsterboer",
      "indicatieGeboortedatum": "M",
      "nationaliteiten": [
        {
          "omschrijving": "Nederlandse",
        },
      ],
      "omschrijvingGeslachtsaanduiding": "Man",
      "opgemaakteNaam": "S. Beemsterboer",
      "overlijdensdatum": null,
      "voornamen": "Senior",
      "voorvoegselGeslachtsnaam": null,
    },
    {
      "bsn": "123456780",
      "geboortedatum": "1920-01-01",
      "geboortelandnaam": "Nederland",
      "geboorteplaatsnaam": "Lochem",
      "geslachtsnaam": "Beemsterboerin",
      "nationaliteiten": [
        {
          "omschrijving": "Nederlandse",
        },
      ],
      "omschrijvingGeslachtsaanduiding": "Vrouw",
      "opgemaakteNaam": "Sa. Beemsterboer",
      "voornamen": "Seniora",
      "voorvoegselGeslachtsnaam": null,
    },
  ],
  "persoon": {
    "aanduidingNaamgebruikOmschrijving": "Eigen geslachtsnaam",
    "adresInOnderzoek": "089999",
    "bsn": "129095205",
    "datumVertrekUitNederland": "1967-01-01",
    "geboortedatum": "1992-09-22",
    "geboortelandnaam": "Nederland",
    "geboorteplaatsnaam": "Lochem",
    "gemeentenaamInschrijving": "Amsterdam",
    "geslachtsnaam": "Beemsterboer",
    "indicatieGeboortedatum": "J",
    "indicatieGeheim": true,
    "mokum": true,
    "nationaliteiten": [
      {
        "omschrijving": "Nederlandse",
      },
      {
        "omschrijving": "Turkse",
      },
    ],
    "omschrijvingAdellijkeTitel": "Hertogin",
    "omschrijvingBurgerlijkeStaat": "Gehuwd",
    "omschrijvingGeslachtsaanduiding": "Man",
    "opgemaakteNaam": "W. Beemsterboer",
    "overlijdensdatum": null,
    "vertrokkenOnbekendWaarheen": true,
    "voornamen": "Wesley",
    "voorvoegselGeslachtsnaam": null,
  },
  "verbintenis": {
    "datumOntbinding": null,
    "datumSluiting": "1999-01-01",
    "landnaamSluiting": "Marokko",
    "persoon": {
      "bsn": "123456780",
      "geboortedatum": "2019-07-08",
      "geslachtsnaam": "Bakker",
      "indicatieGeboortedatum": "D",
      "overlijdensdatum": null,
      "voornamen": "Souad",
      "voorvoegselGeslachtsnaam": null,
    },
    "plaatsnaamSluitingOmschrijving": "Asilah",
    "soortVerbintenis": "H",
    "soortVerbintenisOmschrijving": "Huwelijk",
  },
  "verbintenisHistorisch": [
    {
      "datumOntbinding": "1998-07-08",
      "datumSluiting": "1912-01-01",
      "landnaamSluiting": "Marokko",
      "persoon": {
        "bsn": "123456780",
        "geboortedatum": "2019-07-08",
        "geslachtsnaam": "Bakker",
        "indicatieGeboortedatum": "V",
        "overlijdensdatum": null,
        "voornamen": "Souad",
        "voorvoegselGeslachtsnaam": null,
      },
      "plaatsnaamSluitingOmschrijving": "Asilah",
      "soortVerbintenis": "H",
      "soortVerbintenisOmschrijving": "Huwelijk",
    },
    {
      "datumOntbinding": "2019-07-08",
      "datumSluiting": "",
      "landnaamSluiting": "Marokko",
      "persoon": {
        "bsn": "123456780",
        "geboortedatum": "2019-07-08",
        "geslachtsnaam": "Bakker",
        "overlijdensdatum": null,
        "voornamen": "Souad",
        "voorvoegselGeslachtsnaam": null,
      },
      "plaatsnaamSluitingOmschrijving": "Asilah",
      "soortVerbintenis": "H",
      "soortVerbintenisOmschrijving": "Huwelijk",
    },
    {
      "datumOntbinding": "2006-01-01",
      "datumSluiting": "2000-01-01",
      "landnaamSluiting": "Nederland",
      "persoon": {
        "bsn": "113731681",
        "geboortedatum": "1950-01-06",
        "geboortelandnaam": "Nederland",
        "geboorteplaatsnaam": "Amsterdam",
        "geslachtsnaam": "Wolters",
        "omschrijvingAdellijkeTitel": "Barones",
        "omschrijvingGeslachtsaanduiding": "Vrouw",
        "opgemaakteNaam": null,
        "overlijdensdatum": null,
        "voornamen": "Renée",
        "voorvoegselGeslachtsnaam": null,
      },
      "plaatsnaamSluitingOmschrijving": "Amsterdam",
      "redenOntbindingOmschrijving": "Overlijden één van beide partners",
      "soortVerbintenis": "H",
      "soortVerbintenisOmschrijving": "Huwelijk",
    },
  ],
}
`;

exports[`BRP data api + transformation > should transform the source data into notifications 1`] = `
[
  {
    "datePublished": "2020-04-22T22:00:00.000Z",
    "description": "Op dit moment onderzoeken wij op welk adres u nu woont.",
    "id": "brpAdresInOnderzoek",
    "isAlert": true,
    "link": {
      "title": "Meer informatie",
      "to": "/persoonlijke-gegevens",
    },
    "thema": "BRP",
    "title": "Adres in onderzoek",
  },
  {
    "datePublished": "2020-04-22T22:00:00.000Z",
    "description": "U staat sinds 01 januari 1967 in de Basisregistratie Personen (BRP) geregistreerd als 'vertrokken onbekend waarheen'.",
    "id": "brpVertrokkenOnbekendWaarheen",
    "isAlert": true,
    "link": {
      "title": "Meer informatie",
      "to": "/persoonlijke-gegevens",
    },
    "thema": "BRP",
    "title": "Vertrokken Onbekend Waarheen (VOW)",
  },
]
`;
