// Jest Snapshot v1, https://goo.gl/fbAQLP

exports[`<Stadpas /> Matches the Full Page snapshot 1`] = `
<DocumentFragment>
  <main
    class="Page OverviewPage Stadspas"
  >
    <header
      class="PageHeading hasIcon hasBackLink"
    >
      <span
        aria-hidden="true"
        class="Icon"
      >
        <svg
          aria-label="Stadspas"
          class="ChapterIcon"
          fill="black"
        >
          stadspas.svg
        </svg>
      </span>
      <div
        class="HeadingInner"
      >
        <a
          class="Button Button__plain Button__lean Linkd BackLink"
          href="/"
        >
          <svg
            aria-hidden="true"
            class="Icon Icon__left"
            fill="#000"
            height="14px"
            width="14px"
          >
            Chevron-Left.svg
          </svg>
          Home
        </a>
        <h2
          class="Heading Heading__large"
        >
          Stadspas
        </h2>
      </div>
    </header>
    <div
      class="PageContent"
    >
      <p>
        Hieronder vindt u meer informatie over uw eigen Stadspas.
      </p>
      <p>
        Hebt u kinderen of een partner met een Stadspas? Dan ziet u hieronder ook hun Stadspassen.
      </p>
      <p>
        <a
          class="Button Button__plain Button__lean Linkd"
          href="https://www.amsterdam.nl/stadspas"
          rel="external noopener noreferrer"
        >
          <svg
            aria-hidden="true"
            class="Icon Icon__left"
            fill="#000"
            height="14px"
            width="14px"
          >
            Chevron-Right.svg
          </svg>
          Meer informatie over de Stadspas
        </a>
      </p>
    </div>
    <section
      class="SectionCollapsible SectionCollapsibleFirst"
    >
      <h3
        class="Heading Heading__mediumLarge Title TitleWithItems"
      >
        <button
          aria-expanded="true"
          class="TitleToggle"
        >
          <svg
            aria-hidden="true"
            class="CaretIcon"
          >
            Chevron-Right.svg
          </svg>
           Stadspas
        </button>
      </h3>
      <div
        aria-hidden="false"
        class="Panel"
        style="height: 0px;"
      >
        <div
          class="PanelInner"
        >
          <table
            class="Table Table"
          >
            <thead>
              <tr
                class="TableRow"
              >
                <td
                  class="DisplayProp"
                />
                <th
                  class="DisplayProp"
                >
                  Stadspasnummer
                </th>
                <th
                  class="DisplayProp"
                >
                  Einddatum
                </th>
                <th
                  class="DisplayProp"
                >
                  Tegoed
                </th>
              </tr>
            </thead>
            <tbody>
              <tr
                class="TableRow"
              >
                <td
                  class="DisplayProp"
                >
                  <span>
                    G Braber   (kind)
                  </span>
                </td>
                <td
                  class="DisplayProp"
                >
                  <span
                    class="DisplayPropLabel"
                  >
                    Stadspasnummer:
                  </span>
                  <span>
                    6011012604273
                  </span>
                </td>
                <td
                  class="DisplayProp"
                >
                  <span
                    class="DisplayPropLabel"
                  >
                    Einddatum:
                  </span>
                  <span>
                    31 augustus 2021
                  </span>
                </td>
                <td
                  class="DisplayProp"
                >
                  <span
                    class="DisplayPropLabel"
                  >
                    Tegoed:
                  </span>
                  <a
                    class="Button Button__inline Button__lean Linkd LinkedInline"
                    href="/stadspas/saldo/200769"
                  >
                    Bekijk saldo
                  </a>
                </td>
              </tr>
            </tbody>
          </table>
        </div>
      </div>
    </section>
    <section
      class="SectionCollapsible SectionCollapsible"
    >
      <h3
        class="Heading Heading__mediumLarge Title TitleWithItems"
      >
        <button
          aria-expanded="false"
          class="TitleToggle"
        >
          <svg
            aria-hidden="true"
            class="CaretIcon"
          >
            Chevron-Right.svg
          </svg>
           Lopende aanvragen
        </button>
      </h3>
      <div
        aria-hidden="true"
        class="Panel"
        style="height: 0px;"
      >
        <div
          class="PanelInner"
        >
          <table
            class="Table Table"
          >
            <thead>
              <tr
                class="TableRow"
              >
                <td
                  class="DisplayProp"
                />
                <th
                  class="DisplayProp"
                >
                  Datum aanvraag
                </th>
                <th
                  class="DisplayProp"
                >
                  Status
                </th>
              </tr>
            </thead>
            <tbody>
              <tr
                class="TableRow"
              >
                <td
                  class="DisplayPropTitle"
                >
                  Aanvraag stadspas 2
                </td>
                <td
                  class="DisplayProp"
                >
                  <span
                    class="DisplayPropLabel"
                  >
                    Datum aanvraag:
                  </span>
                  <span>
                    14 juli 2020
                  </span>
                </td>
                <td
                  class="DisplayProp"
                >
                  <span
                    class="DisplayPropLabel"
                  >
                    Status:
                  </span>
                  <span>
                    Meer informatie
                  </span>
                </td>
              </tr>
            </tbody>
          </table>
        </div>
      </div>
    </section>
    <section
      class="SectionCollapsible"
    >
      <h3
        class="Heading Heading__mediumLarge Title TitleWithItems"
      >
        <button
          aria-expanded="false"
          class="TitleToggle"
        >
          <svg
            aria-hidden="true"
            class="CaretIcon"
          >
            Chevron-Right.svg
          </svg>
           Eerdere aanvragen
        </button>
      </h3>
      <div
        aria-hidden="true"
        class="Panel"
        style="height: 0px;"
      >
        <div
          class="PanelInner"
        >
          <table
            class="Table Table"
          >
            <thead>
              <tr
                class="TableRow"
              >
                <td
                  class="DisplayProp"
                />
                <th
                  class="DisplayProp"
                >
                  Datum aanvraag
                </th>
                <th
                  class="DisplayProp"
                >
                  Datum besluit
                </th>
              </tr>
            </thead>
            <tbody>
              <tr
                class="TableRow"
              >
                <td
                  class="DisplayPropTitle"
                >
                  Aanvraag stadspas
                </td>
                <td
                  class="DisplayProp"
                >
                  <span
                    class="DisplayPropLabel"
                  >
                    Datum aanvraag:
                  </span>
                  <span>
                    14 juli 2020
                  </span>
                </td>
                <td
                  class="DisplayProp"
                >
                  <span
                    class="DisplayPropLabel"
                  >
                    Datum besluit:
                  </span>
                  <span>
                    24 juli 2020
                  </span>
                </td>
              </tr>
            </tbody>
          </table>
        </div>
      </div>
    </section>
  </main>
</DocumentFragment>
`;
