// Jest Snapshot v1, https://goo.gl/fbAQLP

exports[`<Dashboard /> Matches the Full Page snapshot 1`] = `
<DocumentFragment>
  <main
    class="Page Dashboard"
  >
    <header
      class="PageHeading"
    >
      <div
        class="HeadingInner"
      >
        <h2
          class="Heading Heading__large"
        >
          <a
            class="MyNotificationsHeadingLink"
            href="/overzicht-updates"
          >
            Actueel
          </a>
        </h2>
      </div>
    </header>
    <div
      class="TopContentContainer"
    >
      <div
        class="MyNotifications isLoading"
      >
        <ul>
          <li
            class="MyNotificationItem"
          >
            <aside
              class="MetaInfo"
            >
              <button
                aria-expanded="false"
                class="TitleToggle"
              >
                <h4
                  class="Heading Heading__small Title NotificationHeader"
                >
                  Notification
                </h4>
                <svg
                  aria-label="Home"
                  class="ChapterIcon Icon"
                  fill="#EC0000"
                >
                  burgerzaken.svg
                </svg>
                <div
                  class="MetaInfoSecondary"
                >
                  <em
                    class="ChapterIndication"
                  >
                    Home
                  </em>
                  <time
                    class="Datum"
                    datetime="2020-07-24"
                  >
                    24 juli 2020
                  </time>
                </div>
                <svg
                  aria-hidden="true"
                  class="CaretIcon"
                >
                  Chevron-Right.svg
                </svg>
              </button>
            </aside>
            <div
              aria-hidden="true"
              class="Body"
              style="height: 0px;"
            >
              <div>
                <div
                  class="Description"
                >
                  Notificatie1
                </div>
                <p
                  class="Action"
                >
                  <a
                    class="Button Button__plain Button__lean Linkd"
                    href="/item-1"
                    title="Meer informatie over de melding: Notification"
                  >
                    <svg
                      aria-hidden="true"
                      class="Icon Icon__left"
                      fill="#000"
                      height="14px"
                      width="14px"
                    >
                      Chevron-Right.svg
                    </svg>
                    Linkje!
                  </a>
                </p>
              </div>
            </div>
          </li>
          <li
            class="MyNotificationItem"
          >
            <aside
              class="MetaInfo"
            >
              <button
                aria-expanded="false"
                class="TitleToggle"
              >
                <h4
                  class="Heading Heading__small Title NotificationHeader"
                >
                  Notification
                </h4>
                <svg
                  aria-label="Home"
                  class="ChapterIcon Icon"
                  fill="#EC0000"
                >
                  burgerzaken.svg
                </svg>
                <div
                  class="MetaInfoSecondary"
                >
                  <em
                    class="ChapterIndication"
                  >
                    Home
                  </em>
                  <time
                    class="Datum"
                    datetime="2020-07-24"
                  >
                    24 juli 2020
                  </time>
                </div>
                <svg
                  aria-hidden="true"
                  class="CaretIcon"
                >
                  Chevron-Right.svg
                </svg>
              </button>
            </aside>
            <div
              aria-hidden="true"
              class="Body"
              style="height: 0px;"
            >
              <div>
                <div
                  class="Description"
                >
                  Notificatie2
                </div>
                <p
                  class="Action"
                >
                  <a
                    class="Button Button__plain Button__lean Linkd"
                    href="/item-2"
                    title="Meer informatie over de melding: Notification"
                  >
                    <svg
                      aria-hidden="true"
                      class="Icon Icon__left"
                      fill="#000"
                      height="14px"
                      width="14px"
                    >
                      Chevron-Right.svg
                    </svg>
                    Linkje!
                  </a>
                </p>
              </div>
            </div>
          </li>
          <li
            class="MyNotificationItem"
          >
            <aside
              class="MetaInfo"
            >
              <button
                aria-expanded="false"
                class="TitleToggle"
              >
                <h4
                  class="Heading Heading__small Title NotificationHeader"
                >
                  Notification
                </h4>
                <svg
                  aria-label="ALERT"
                  class="ChapterIcon Icon"
                  fill="#EC0000"
                >
                  Alert.svg
                </svg>
                <div
                  class="MetaInfoSecondary"
                >
                  <em
                    class="ChapterIndication"
                  >
                    Home
                  </em>
                  <time
                    class="Datum"
                    datetime="2020-07-24"
                  >
                    24 juli 2020
                  </time>
                </div>
                <svg
                  aria-hidden="true"
                  class="CaretIcon"
                >
                  Chevron-Right.svg
                </svg>
              </button>
            </aside>
            <div
              aria-hidden="true"
              class="Body"
              style="height: 0px;"
            >
              <div>
                <div
                  class="Description"
                >
                  Notificatie3
                </div>
                <p
                  class="Action"
                >
                  <a
                    class="Button Button__plain Button__lean Linkd"
                    href="/item-3"
                    title="Meer informatie over de melding: Notification"
                  >
                    <svg
                      aria-hidden="true"
                      class="Icon Icon__left"
                      fill="#000"
                      height="14px"
                      width="14px"
                    >
                      Chevron-Right.svg
                    </svg>
                    Linkje!
                  </a>
                </p>
              </div>
            </div>
          </li>
        </ul>
        <p
          class="FooterLink"
        >
          <a
            class="Button Button__plain Button__lean Linkd"
            href="/overzicht-updates"
          >
            <svg
              aria-hidden="true"
              class="Icon Icon__left"
              fill="#000"
              height="14px"
              width="14px"
            >
              Chevron-Right.svg
            </svg>
            Alle updates
          </a>
        </p>
      </div>
      <div
        class="Panel MyChaptersPanel"
      >
        <div
          class="Header"
        >
          <h3
            class="Heading Heading__large Title"
          >
            Mijn thema's
          </h3>
          <a
            aria-label="Dit ziet u in Mijn Amsterdam"
            class="Button Button__plain Button__lean Linkd GeneralInfoLink"
            href="/uitleg"
          >
            <svg
              aria-hidden="true"
              class="Icon Icon__left"
              fill="#000"
              height="14px"
              width="14px"
            >
              Info.svg
            </svg>
          </a>
        </div>
        <div
          class="Links"
        >
          <a
            class="MainNavSubmenuLink"
            data-chapter-id="BELASTINGEN"
            href="https://belastingbalie.amsterdam.nl/digid.saml.php?start"
            rel="external"
          >
            <span
              class="SubmenuItemIcon"
            >
              <svg
                aria-hidden="true"
                fill="#767676"
              >
                belastingen.svg
              </svg>
            </span>
            <span
              class="SubmenuItemTitle"
            >
              Belastingen
            </span>
          </a>
          <a
            class="MainNavSubmenuLink"
            data-chapter-id="INKOMEN"
            href="/inkomen"
          >
            <span
              class="SubmenuItemIcon"
            >
              <svg
                aria-hidden="true"
                fill="#767676"
              >
                inkomen.svg
              </svg>
            </span>
            <span
              class="SubmenuItemTitle"
            >
              Inkomen
            </span>
          </a>
          <a
            class="MainNavSubmenuLink"
            data-chapter-id="MILIEUZONE"
            href=""
            rel="external"
          >
            <span
              class="SubmenuItemIcon"
            >
              <svg
                aria-hidden="true"
                fill="#767676"
              >
                milieuzone.svg
              </svg>
            </span>
            <span
              class="SubmenuItemTitle"
            >
              Milieuzone
            </span>
          </a>
          <a
            class="MainNavSubmenuLink"
            data-chapter-id="PARKEREN"
            href="/parkeren-en-verkeer"
          >
            <span
              class="SubmenuItemIcon"
            >
              <svg
                aria-hidden="true"
                fill="#767676"
              >
                Car.svg
              </svg>
            </span>
            <span
              class="SubmenuItemTitle"
            >
              Parkeren en verkeer
            </span>
          </a>
        </div>
      </div>
    </div>
    <div
      class="DashboardMapContainer"
    >
      <div
        class="MyAreaLoader"
      >
        Loading buurt bundle...
      </div>
      <a
        class="NavLink"
        href="/buurt"
      >
        <span
          class="NavLinkContentWrap"
        >
          <h3
            class="Heading Heading__large"
          >
            Mijn buurt
          </h3>
          <p>
            Klik voor een overzicht van gemeentelijke informatie rond uw eigen woning.
          </p>
        </span>
      </a>
    </div>
    <div
      class="MyTips"
    >
      <div
        class="HeaderBar"
      >
        <h3
          class="Heading Heading__large"
        >
          Mijn tips
        </h3>
        <button
          aria-expanded="false"
          class="Button Button__plain Button__lean OptIn"
        >
          <svg
            aria-hidden="true"
            class="Icon Icon__left"
            fill="#000"
            height="14px"
            width="14px"
          >
            Chevron-Right.svg
          </svg>
          Maak tips persoonlijk
        </button>
        <a
          class="Button Button__plain Button__lean Linkd"
          href="/overzicht-tips"
        >
          <svg
            aria-hidden="true"
            class="Icon Icon__left"
            fill="#000"
            height="14px"
            width="14px"
          >
            Chevron-Right.svg
          </svg>
          Al mijn tips
        </a>
      </div>
      <ul
        class="TipsList"
      >
        <li
          class="TipItem is-personalized"
        >
          <article>
            <div
              class="ImageContainer"
            >
              <img
                alt=""
                class="Img"
                src="data:image/gif;base64,R0lGODlhAQABAIAAAMLCwgAAACH5BAAAAAAALAAAAAABAAEAAAICRAEAOw=="
              />
              <div>
                <button
                  aria-expanded="false"
                  aria-label="Reden waarom u deze tip ziet"
                  class="Button Button__plain Button__lean IconButton TipFlipButton"
                  id="tip-flip-Tip1"
                >
                  <svg
                    aria-hidden="true"
                    class="Icon"
                    fill="#ffffff"
                    height="32"
                    width="32"
                  >
                    Info.svg
                  </svg>
                </button>
                <p
                  aria-labelledby="tip-flip-Tip1"
                  class="TipFlip"
                  hidden=""
                >
                  <span>
                    U ziet deze tip omdat!
                  </span>
                </p>
              </div>
            </div>
            <h4
              class="Heading Heading__medium"
            >
              Tip!!
            </h4>
            <p>
              Tip over dingen
            </p>
            <a
              class="Button Button__plain Button__lean Linkd"
              href="/lopende-zaak-1"
              title="Meer informatie over de tip: Tip!!"
            >
              <svg
                aria-hidden="true"
                class="Icon Icon__left"
                fill="#000"
                height="14px"
                width="14px"
              >
                Chevron-Right.svg
              </svg>
              Linkje!
            </a>
          </article>
        </li>
        <li
          class="TipItem"
        />
      </ul>
    </div>
    <div
      class="DirectLinks"
      id="DirectLinks"
    >
      <h3
        class="Heading Heading__large"
        id="DirectLinksHeader"
      >
        Bezoek ook
      </h3>
      <ul
        class="LinkList"
      >
        <li>
          <a
            class="Button Button__plain Button__lean Linkd"
            href="/buurt"
            id="MyAreaHeader"
          >
            Mijn buurt
          </a>
        </li>
        <li>
          <a
            class="Button Button__plain Button__lean Linkd"
            href="/overzicht-tips"
            id="MyTipsHeader"
          >
            Mijn tips
          </a>
        </li>
        <li>
          <a
            class="Button Button__plain Button__lean Linkd"
            href="https://mijnsubsidies.amsterdam.nl/loket/"
            rel="external noopener noreferrer"
          >
            <svg
              aria-hidden="true"
              class="Icon Icon__left"
              fill="#000"
              height="14px"
              width="14px"
            >
              External-Link.svg
            </svg>
            Mijn Subsidies
          </a>
        </li>
        <li>
          <a
            class="Button Button__plain Button__lean Linkd"
            href="https://www.amsterdam.nl/sbl/"
            rel="external noopener noreferrer"
          >
            <svg
              aria-hidden="true"
              class="Icon Icon__left"
              fill="#000"
              height="14px"
              width="14px"
            >
              External-Link.svg
            </svg>
            Stadsbank van Lening
          </a>
        </li>
        <li>
          <a
            class="Button Button__plain Button__lean Linkd"
            href="https://www.amsterdam.nl/veelgevraagd/?productid={68422ECA-8C56-43EC-A9AA-B3DF190B5077}"
            rel="external noopener noreferrer"
          >
            <svg
              aria-hidden="true"
              class="Icon Icon__left"
              fill="#000"
              height="14px"
              width="14px"
            >
              External-Link.svg
            </svg>
            Veelgestelde vragen
          </a>
        </li>
        <li>
          <a
            class="Button Button__plain Button__lean Linkd"
            href="https://mijn.overheid.nl/berichtenbox/inbox/"
            rel="external noopener noreferrer"
          >
            <svg
              aria-hidden="true"
              class="Icon Icon__left"
              fill="#000"
              height="14px"
              width="14px"
            >
              External-Link.svg
            </svg>
            MijnOverheid Berichtenbox
          </a>
        </li>
        <li>
          <a
            class="Button Button__plain Button__lean Linkd"
            href="https://www.amsterdam.nl"
            rel="external noopener noreferrer"
          >
            <svg
              aria-hidden="true"
              class="Icon Icon__left"
              fill="#000"
              height="14px"
              width="14px"
            >
              External-Link.svg
            </svg>
            Amsterdam.nl
          </a>
        </li>
      </ul>
    </div>
  </main>
</DocumentFragment>
`;
