// Vitest Snapshot v1, https://vitest.dev/guide/snapshot.html

exports[`<GeneralInfo /> > Matches the Full Page snapshot 1`] = `
<DocumentFragment>
  <div
    class="ams-grid"
  >
    <div
      class="ams-grid__cell ams-grid__cell--span-4 ams-grid__cell--span-8-medium ams-grid__cell--span-12-wide ams-grid__cell--start-1 ams-grid__cell--start-1-medium ams-grid__cell--start-1-wide _PageHeadingWrap_c5a3f1"
    >
      <div
        class="_PageHeadingInner_c5a3f1"
        id="skip-to-id-AppContent"
      >
        <nav
          class="ams-breadcrumb"
        >
          <ol
            class="ams-breadcrumb__list"
          >
            <li
              class="ams-breadcrumb__item"
            >
              <a
                class="ams-breadcrumb__link"
                href="/"
              >
                Home
              </a>
            </li>
            <li
              class="ams-breadcrumb__item"
            >
              <a
                class="ams-breadcrumb__link"
                href="/uitleg"
                tabindex="-1"
              >
                <span
                  class="ams-visually-hidden"
                >
                  Algemene info
                </span>
              </a>
            </li>
          </ol>
        </nav>
        <h1
          class="ams-heading ams-heading--1 _PageHeading_c5a3f1"
        >
          Algemene info
        </h1>
      </div>
    </div>
    <div
      class="ams-grid__cell ams-grid__cell--span-4 ams-grid__cell--span-8-medium ams-grid__cell--span-12-wide ams-grid__cell--start-1 ams-grid__cell--start-1-medium ams-grid__cell--start-1-wide"
    >
      <p
        class="ams-paragraph ams-mb-m"
      >
        Dingen! 
        <a
          class="ams-link"
          href="http://example.org"
        >
          Linkje
        </a>
      </p>
    </div>
  </div>
</DocumentFragment>
`;
