// Jest Snapshot v1, https://goo.gl/fbAQLP

exports[`<InkomenDetail /> Matches the Full Page snapshot 1`] = `
<DocumentFragment>
  <main
    class="Page DetailPage"
  >
    <header
      class="PageHeading hasIcon hasBackLink"
    >
      <span
        aria-hidden="true"
        class="Icon"
      >
        <svg
          aria-label="Inkomen en Stadspas"
          class="ChapterIcon"
          fill="black"
        >
          inkomen.svg
        </svg>
      </span>
      <div
        class="HeadingInner"
      >
        <a
          class="Button Button__plain Button__lean Linkd BackLink"
          href="/inkomen-en-stadspas"
        >
          <svg
            aria-hidden="true"
            class="Icon Icon__left"
            fill="#000"
            height="14px"
            width="14px"
          >
            Chevron-Left.svg
          </svg>
          Inkomen en Stadspas
        </a>
        <h2
          class="Heading Heading__large"
        >
          Aanvraag inkomen item
        </h2>
      </div>
    </header>
    <div
      class="PageContent DetailPageContent"
    />
    <div
      class="StatusLine"
    >
      <h4
        class="Heading Heading__tiny ListHeading"
      >
        Status
      </h4>
      <ul
        class="List"
      >
        <li
          class="ListItem ListItem--highlight"
          style="display: block;"
        >
          <div
            class="ListItemInner"
          >
            <div
              aria-label="Vinkje, processtap gereed"
              class="StatusConnection"
            >
              <span
                class="ConnectLine ConnectLine--start"
              />
              <span
                class="Checkmark Checkmark--active Checkmark--checked"
              />
            </div>
            <div
              class="Panel Panel--status"
            >
              <strong
                class="StatusTitle"
              >
                aanvraag
              </strong>
              <time
                class="StatusDate"
              >
                24 juli 2020
              </time>
            </div>
            <div
              class="Panel Panel--description"
            >
              <div
                class="PanelContent"
              >
                <p>
                  Uw aanvraag is binngekomen
                </p>
              </div>
            </div>
            <div
              class="Panel Panel--documents"
            >
              <ul
                class="DocumentList"
              >
                <li
                  class="DocumentListItem"
                >
                  <span
                    class="DocumentLinkWrap"
                  >
                    <a
                      class="Button Button__plain Button__lean Linkd DocumentLink"
                      href="/inkomen-en-stadspas/bijstandsuitkering/http://example.org/blaat"
                    >
                      <svg
                        aria-hidden="true"
                        class="Icon Icon__left"
                        fill="#000"
                        height="14px"
                        width="14px"
                      >
                        Download.svg
                      </svg>
                      Documentje
                    </a>
                  </span>
                </li>
              </ul>
            </div>
          </div>
        </li>
      </ul>
    </div>
  </main>
</DocumentFragment>
`;
