// Jest Snapshot v1, https://goo.gl/fbAQLP

exports[`<InkomenDetailTozo /> Matches the Full Page snapshot 1`] = `"<main class=\\"Page DetailPage DetailPageTozo\\"><header class=\\"PageHeading hasIcon hasBackLink\\"><span aria-hidden=\\"true\\" class=\\"Icon\\"><svg aria-label=\\"INKOMEN\\" fill=\\"black\\" class=\\"ChapterIcon\\">inkomen.svg</svg></span><div class=\\"HeadingInner\\"><a class=\\"Button Button__plain Button__lean Linkd BackLink\\" href=\\"/inkomen-en-stadspas\\"><svg aria-hidden=\\"true\\" width=\\"14px\\" height=\\"14px\\" fill=\\"#000\\" class=\\"Icon Icon__left\\">Chevron-Left.svg</svg>Inkomen en Stadspas</a><h2 class=\\"Heading Heading__large\\">Tozo 1</h2></div></header><div class=\\"PageContent DetailPageContent\\"><p>Onderstaand ziet u de status van uw aanvraag voor een Tozo 1-uitkering en/of een Tozo 1-lening. Indien u beide heeft aangevraagd, ontvangt u voor beide een apart besluit. Informatie die u hier ziet is een werkdag vertraagd.</p><p><a rel=\\"external noopener noreferrer\\" href=\\"https://www.amsterdam.nl/ondernemen/veelgestelde-vragen-corona-ondernemers/ondersteuning-zelfstandigen-zzp'ers/\\" class=\\"Button Button__plain Button__lean Linkd\\"><svg aria-hidden=\\"true\\" width=\\"14px\\" height=\\"14px\\" fill=\\"#000\\" class=\\"Icon Icon__left\\">Chevron-Right.svg</svg>Meer informatie over de Aanvraag Tozo na xxx</a></p></div><div class=\\"StatusLine AanvraagStatusLine\\"><h4 class=\\"Heading Heading__tiny ListHeading\\">Tozo 1-aanvraag</h4><ul class=\\"List\\"><li style=\\"display: block;\\" class=\\"ListItem\\"><div class=\\"ListItemInner\\"><div class=\\"StatusConnection\\"><span class=\\"Checkmark Checkmark--active Checkmark--checked\\"></span></div><div class=\\"Panel Panel--status\\"><strong class=\\"StatusTitle\\">aanvraag</strong><time class=\\"StatusDate\\">24 juli 2020</time></div><div class=\\"Panel Panel--description\\"><div class=\\"PanelContent\\"><p>Uw aanvraag is binngekomen</p></div></div><div class=\\"Panel Panel--documents\\"><ul class=\\"DocumentList\\"><li class=\\"DocumentListItem\\"><a rel=\\"external noopener noreferrer\\" href=\\"http://example.org/blaat\\" download=\\"Documentje\\" class=\\"Button Button__plain Button__lean Linkd DocumentLink\\"><svg aria-hidden=\\"true\\" width=\\"14px\\" height=\\"14px\\" fill=\\"#000\\" class=\\"Icon Icon__left\\">Download.svg</svg>Documentje</a></li></ul></div></div></li></ul></div></main>"`;
