// Vitest Snapshot v1, https://vitest.dev/guide/snapshot.html

exports[`zorgned-service > transformZorgnedAanvragen 1`] = `
[
  {
    "datumAanvraag": "2013-04-25",
    "datumBeginLevering": "2013-06-17",
    "datumBesluit": "2013-05-17",
    "datumEindeGeldigheid": null,
    "datumEindeLevering": "",
    "datumIngangGeldigheid": "2013-05-06",
    "datumOpdrachtLevering": "2013-05-17T00:00:00",
    "documenten": [
      {
        "datePublished": "2013-05-17T00:00:00",
        "id": "B73199",
        "title": "WRA beschikking Definitief",
        "url": "",
      },
    ],
    "id": "1672363416",
    "isActueel": true,
    "leverancier": "Gebr Koenen B.V.",
    "leveringsVorm": "ZIN",
    "productsoortCode": "WRA",
    "resultaat": "toegewezen",
    "titel": "woonruimteaanpassing met doc 1",
  },
  {
    "datumAanvraag": "2012-08-07",
    "datumBeginLevering": "",
    "datumBesluit": "2012-08-07",
    "datumEindeGeldigheid": "2022-07-31",
    "datumEindeLevering": "",
    "datumIngangGeldigheid": "2012-08-07",
    "datumOpdrachtLevering": "",
    "documenten": [],
    "id": "4046397887",
    "isActueel": false,
    "leverancier": "Transvision",
    "leveringsVorm": "",
    "productsoortCode": "AOV",
    "resultaat": "toegewezen",
    "titel": "kamer tot kamer vervoer",
  },
  {
    "datumAanvraag": "2013-11-12",
    "datumBeginLevering": "2014-01-28",
    "datumBesluit": "2013-12-09",
    "datumEindeGeldigheid": null,
    "datumEindeLevering": "",
    "datumIngangGeldigheid": "2013-12-05",
    "datumOpdrachtLevering": "2013-12-09T00:00:00",
    "documenten": [
      {
        "datePublished": "2013-12-09T00:00:00",
        "id": "B137364",
        "title": "WRA beschikking Definitief",
        "url": "",
      },
    ],
    "id": "2730893522",
    "isActueel": true,
    "leverancier": "Gebr Koenen B.V.",
    "leveringsVorm": "ZIN",
    "productsoortCode": "WRA",
    "resultaat": "toegewezen",
    "titel": "woonruimteaanpassing met doc 2",
  },
  {
    "datumAanvraag": "2014-07-25",
    "datumBeginLevering": "2017-06-01",
    "datumBesluit": "2014-09-09",
    "datumEindeGeldigheid": "2022-12-20",
    "datumEindeLevering": "2023-03-30",
    "datumIngangGeldigheid": "2014-09-08",
    "datumOpdrachtLevering": "2017-06-01T00:00:00",
    "documenten": [
      {
        "datePublished": "2014-09-10T00:00:00",
        "id": "B195848",
        "title": "New Toekenning hulpmiddel zonder keuze",
        "url": "",
      },
    ],
    "id": "2067143485",
    "isActueel": false,
    "leverancier": "Harting-Bank",
    "leveringsVorm": "ZIN",
    "productsoortCode": "OVE",
    "resultaat": "toegewezen",
    "titel": "elektrische hulpaandrijving voor rolstoel",
  },
  {
    "datumAanvraag": "2014-07-25",
    "datumBeginLevering": "2014-11-07",
    "datumBesluit": "2014-09-11",
    "datumEindeGeldigheid": null,
    "datumEindeLevering": "",
    "datumIngangGeldigheid": "2014-09-08",
    "datumOpdrachtLevering": "2014-09-11T00:00:00",
    "documenten": [
      {
        "datePublished": "2014-09-11T00:00:00",
        "id": "B196206",
        "title": "WRA beschikking Definitief",
        "url": "",
      },
    ],
    "id": "4216491004",
    "isActueel": true,
    "leverancier": "Gebr Koenen B.V.",
    "leveringsVorm": "ZIN",
    "productsoortCode": "WRA",
    "resultaat": "toegewezen",
    "titel": "woonruimteaanpassing 3",
  },
  {
    "datumAanvraag": "2012-08-08",
    "datumBeginLevering": "2017-06-01",
    "datumBesluit": "2012-10-05",
    "datumEindeGeldigheid": "2020-06-09",
    "datumEindeLevering": "2020-09-09",
    "datumIngangGeldigheid": "2012-10-05",
    "datumOpdrachtLevering": "2017-06-01T00:00:00",
    "documenten": [],
    "id": "1703298224",
    "isActueel": false,
    "leverancier": "Harting-Bank",
    "leveringsVorm": "ZIN",
    "productsoortCode": "RWD",
    "resultaat": "toegewezen",
    "titel": "douche-/toiletstoel (verrijdb/kantelb/ind aangep.)",
  },
  {
    "datumAanvraag": "2017-06-01",
    "datumBeginLevering": "2017-06-01",
    "datumBesluit": "2017-06-01",
    "datumEindeGeldigheid": "2018-04-13",
    "datumEindeLevering": "2018-04-13",
    "datumIngangGeldigheid": "2017-06-01",
    "datumOpdrachtLevering": "2017-06-01T00:00:00",
    "documenten": [],
    "id": "3783046999",
    "isActueel": false,
    "leverancier": "Emile Thuiszorg",
    "leveringsVorm": "ZIN",
    "productsoortCode": "WMH",
    "resultaat": "toegewezen",
    "titel": "hulp bij het huishouden",
  },
  {
    "datumAanvraag": "2017-06-01",
    "datumBeginLevering": "2017-06-01",
    "datumBesluit": "2017-06-01",
    "datumEindeGeldigheid": "2018-03-08",
    "datumEindeLevering": "2018-03-08",
    "datumIngangGeldigheid": "2017-06-01",
    "datumOpdrachtLevering": "2017-06-01T00:00:00",
    "documenten": [],
    "id": "477515900",
    "isActueel": false,
    "leverancier": "Amstelring",
    "leveringsVorm": "ZIN",
    "productsoortCode": "DBS",
    "resultaat": "toegewezen",
    "titel": "dagbesteding",
  },
  {
    "datumAanvraag": "2017-11-24",
    "datumBeginLevering": "2017-11-24",
    "datumBesluit": "2017-11-24",
    "datumEindeGeldigheid": "2018-11-23",
    "datumEindeLevering": "2018-11-23",
    "datumIngangGeldigheid": "2017-11-24",
    "datumOpdrachtLevering": "2017-11-24T00:00:00",
    "documenten": [],
    "id": "3209335922",
    "isActueel": false,
    "leverancier": "Amstelring",
    "leveringsVorm": "ZIN",
    "productsoortCode": "AWBG",
    "resultaat": "toegewezen",
    "titel": "aanvullende individuele ondersteuning",
  },
  {
    "datumAanvraag": "2018-03-09",
    "datumBeginLevering": "2018-03-09",
    "datumBesluit": "2018-04-19",
    "datumEindeGeldigheid": "2019-03-08",
    "datumEindeLevering": "2019-03-08",
    "datumIngangGeldigheid": "2018-03-09",
    "datumOpdrachtLevering": "2018-04-19T00:00:00",
    "documenten": [],
    "id": "2707273693",
    "isActueel": false,
    "leverancier": "Amstelring",
    "leveringsVorm": "ZIN",
    "productsoortCode": "DBS",
    "resultaat": "toegewezen",
    "titel": "dagbesteding",
  },
  {
    "datumAanvraag": "2018-04-14",
    "datumBeginLevering": "2018-04-14",
    "datumBesluit": "2018-04-25",
    "datumEindeGeldigheid": "2019-04-13",
    "datumEindeLevering": "2019-04-13",
    "datumIngangGeldigheid": "2018-04-14",
    "datumOpdrachtLevering": "2018-04-25T00:00:00",
    "documenten": [],
    "id": "4058168346",
    "isActueel": false,
    "leverancier": "Emile Thuiszorg",
    "leveringsVorm": "ZIN",
    "productsoortCode": "WMH",
    "resultaat": "toegewezen",
    "titel": "hulp bij het huishouden",
  },
  {
    "datumAanvraag": "2018-10-10",
    "datumBeginLevering": "2019-03-25",
    "datumBesluit": "2018-12-27",
    "datumEindeGeldigheid": null,
    "datumEindeLevering": "",
    "datumIngangGeldigheid": "2018-10-24",
    "datumOpdrachtLevering": "2019-02-15T13:45:36",
    "documenten": [
      {
        "datePublished": "2018-12-27T00:00:00",
        "id": "B538689",
        "title": "WRA beschikking Definitief",
        "url": "",
      },
    ],
    "id": "2889701237",
    "isActueel": true,
    "leverancier": "Welzorg",
    "leveringsVorm": "ZIN",
    "productsoortCode": "WRA",
    "resultaat": "toegewezen",
    "titel": "woonruimteaanpassing met doc 4",
  },
  {
    "datumAanvraag": "2018-11-28",
    "datumBeginLevering": "2018-11-28",
    "datumBesluit": "2018-11-29",
    "datumEindeGeldigheid": "2019-03-08",
    "datumEindeLevering": "2019-03-08",
    "datumIngangGeldigheid": "2018-11-28",
    "datumOpdrachtLevering": "2018-11-29T00:00:00",
    "documenten": [],
    "id": "300203506",
    "isActueel": false,
    "leverancier": "Amstelring",
    "leveringsVorm": "ZIN",
    "productsoortCode": "AWBG",
    "resultaat": "toegewezen",
    "titel": "aanvullende individuele ondersteuning",
  },
  {
    "datumAanvraag": "2019-03-09",
    "datumBeginLevering": "2019-03-09",
    "datumBesluit": "2019-03-11",
    "datumEindeGeldigheid": "2020-03-08",
    "datumEindeLevering": "2020-03-08",
    "datumIngangGeldigheid": "2019-03-09",
    "datumOpdrachtLevering": "2019-03-11T00:00:00",
    "documenten": [],
    "id": "938485502",
    "isActueel": false,
    "leverancier": "Amstelring",
    "leveringsVorm": "ZIN",
    "productsoortCode": "DBS",
    "resultaat": "toegewezen",
    "titel": "dagbesteding",
  },
  {
    "datumAanvraag": "2019-03-09",
    "datumBeginLevering": "2019-03-09",
    "datumBesluit": "2019-03-11",
    "datumEindeGeldigheid": "2020-03-08",
    "datumEindeLevering": "2020-03-08",
    "datumIngangGeldigheid": "2019-03-09",
    "datumOpdrachtLevering": "2019-03-11T00:00:00",
    "documenten": [],
    "id": "1175100182",
    "isActueel": false,
    "leverancier": "Amstelring",
    "leveringsVorm": "ZIN",
    "productsoortCode": "AWBG",
    "resultaat": "toegewezen",
    "titel": "aanvullende individuele ondersteuning",
  },
  {
    "datumAanvraag": "2019-04-14",
    "datumBeginLevering": "2019-04-14",
    "datumBesluit": "2019-04-15",
    "datumEindeGeldigheid": "2020-03-08",
    "datumEindeLevering": "2020-03-08",
    "datumIngangGeldigheid": "2019-04-14",
    "datumOpdrachtLevering": "2019-04-15T00:00:00",
    "documenten": [],
    "id": "446200219",
    "isActueel": false,
    "leverancier": "Emile Thuiszorg",
    "leveringsVorm": "ZIN",
    "productsoortCode": "WMH",
    "resultaat": "toegewezen",
    "titel": "hulp bij het huishouden",
  },
  {
    "datumAanvraag": "2019-10-09",
    "datumBeginLevering": "2019-10-17",
    "datumBesluit": "2019-10-09",
    "datumEindeGeldigheid": "2019-12-09",
    "datumEindeLevering": "2019-12-09",
    "datumIngangGeldigheid": "2019-10-09",
    "datumOpdrachtLevering": "2019-10-09T11:19:30",
    "documenten": [],
    "id": "954761814",
    "isActueel": false,
    "leverancier": "Welzorg",
    "leveringsVorm": "ZIN",
    "productsoortCode": "WRA3",
    "resultaat": "toegewezen",
    "titel": "reparatie-/verwijderopdracht natte cel en toilet",
  },
  {
    "datumAanvraag": "2020-03-12",
    "datumBeginLevering": "2020-03-09",
    "datumBesluit": "2020-03-12",
    "datumEindeGeldigheid": "2020-06-14",
    "datumEindeLevering": "2020-06-14",
    "datumIngangGeldigheid": "2020-03-09",
    "datumOpdrachtLevering": "2020-03-12T00:00:00",
    "documenten": [
      {
        "datePublished": "2020-03-12T16:12:23",
        "id": "B628498",
        "title": "Opstellen beschikking wijkzorg AO/DB/LO",
        "url": "",
      },
    ],
    "id": "3441632088",
    "isActueel": false,
    "leverancier": "Amstelring",
    "leveringsVorm": "ZIN",
    "productsoortCode": "DBS",
    "resultaat": "toegewezen",
    "titel": "dagbesteding",
  },
  {
    "datumAanvraag": "2020-03-12",
    "datumBeginLevering": "2020-03-09",
    "datumBesluit": "2020-03-12",
    "datumEindeGeldigheid": "2020-12-31",
    "datumEindeLevering": "2020-12-31",
    "datumIngangGeldigheid": "2020-03-09",
    "datumOpdrachtLevering": "2020-03-12T00:00:00",
    "documenten": [
      {
        "datePublished": "2020-03-12T16:17:07",
        "id": "B628499",
        "title": "Opstellen beschikking wijkzorg AO/DB/LO",
        "url": "",
      },
    ],
    "id": "636127578",
    "isActueel": false,
    "leverancier": "Amstelring",
    "leveringsVorm": "ZIN",
    "productsoortCode": "AWBG",
    "resultaat": "toegewezen",
    "titel": "aanvullende individuele ondersteuning",
  },
  {
    "datumAanvraag": "2020-03-12",
    "datumBeginLevering": "2020-03-09",
    "datumBesluit": "2020-03-12",
    "datumEindeGeldigheid": "2020-12-31",
    "datumEindeLevering": "2020-12-31",
    "datumIngangGeldigheid": "2020-03-09",
    "datumOpdrachtLevering": "2020-03-12T00:00:00",
    "documenten": [
      {
        "datePublished": "2020-03-12T16:16:35",
        "id": "B628500",
        "title": "Opstellen beschikking wijkzorg Hbh",
        "url": "",
      },
    ],
    "id": "1926069212",
    "isActueel": false,
    "leverancier": "Emile Thuiszorg",
    "leveringsVorm": "ZIN",
    "productsoortCode": "WMH",
    "resultaat": "toegewezen",
    "titel": "hulp bij het huishouden",
  },
  {
    "datumAanvraag": "2020-06-05",
    "datumBeginLevering": "",
    "datumBesluit": "2020-06-05",
    "datumEindeGeldigheid": "2020-08-05",
    "datumEindeLevering": "",
    "datumIngangGeldigheid": "2020-06-05",
    "datumOpdrachtLevering": "2020-06-05T09:22:46",
    "documenten": [],
    "id": "1809360062",
    "isActueel": false,
    "leverancier": "Welzorg",
    "leveringsVorm": "ZIN",
    "productsoortCode": "WRA3",
    "resultaat": "toegewezen",
    "titel": "reparatie-/verwijderopdracht natte cel en toilet",
  },
  {
    "datumAanvraag": "2020-05-13",
    "datumBeginLevering": "2020-09-10",
    "datumBesluit": "2020-06-18",
    "datumEindeGeldigheid": null,
    "datumEindeLevering": "",
    "datumIngangGeldigheid": "2020-06-10",
    "datumOpdrachtLevering": "2020-06-18T14:21:01",
    "documenten": [
      {
        "datePublished": "2020-06-18T14:20:12",
        "id": "B650917",
        "title": "New Toekenning hulpmiddel zonder keuze",
        "url": "",
      },
    ],
    "id": "134062321",
    "isActueel": true,
    "leverancier": "Medipoint",
    "leveringsVorm": "ZIN",
    "productsoortCode": "RWD",
    "resultaat": "toegewezen",
    "titel": "douche-/toiletstoel zelfrijder",
  },
  {
    "datumAanvraag": "2020-06-16",
    "datumBeginLevering": "2020-06-15",
    "datumBesluit": "2020-06-16",
    "datumEindeGeldigheid": "2020-12-31",
    "datumEindeLevering": "2020-12-31",
    "datumIngangGeldigheid": "2020-06-15",
    "datumOpdrachtLevering": "2020-06-16T00:00:00",
    "documenten": [
      {
        "datePublished": "2020-06-16T15:20:47",
        "id": "B648401",
        "title": "Opstellen beschikking wijkzorg AO/DB/LO",
        "url": "",
      },
    ],
    "id": "3303327448",
    "isActueel": false,
    "leverancier": "Ons Tweede Thuis NA (vh Nieuw Amstelraede)",
    "leveringsVorm": "ZIN",
    "productsoortCode": "DBS",
    "resultaat": "toegewezen",
    "titel": "dagbesteding",
  },
  {
    "datumAanvraag": "2020-08-10",
    "datumBeginLevering": "2021-01-13",
    "datumBesluit": "2020-12-04",
    "datumEindeGeldigheid": null,
    "datumEindeLevering": "",
    "datumIngangGeldigheid": "2020-11-13",
    "datumOpdrachtLevering": "2020-12-07T07:01:20",
    "documenten": [
      {
        "datePublished": "2020-12-07T07:01:05",
        "id": "B691905",
        "title": "Opstellen beschikking grote WRA",
        "url": "",
      },
    ],
    "id": "4005950334",
    "isActueel": true,
    "leverancier": "Meyra Wooncare B.V.",
    "leveringsVorm": "ZIN",
    "productsoortCode": "WRA3",
    "resultaat": "toegewezen",
    "titel": "antislipvloer/behandeling badkamer",
  },
  {
    "datumAanvraag": "2021-01-09",
    "datumBeginLevering": "2021-01-01",
    "datumBesluit": "2021-01-09",
    "datumEindeGeldigheid": "2021-03-09",
    "datumEindeLevering": "2021-03-09",
    "datumIngangGeldigheid": "2021-01-01",
    "datumOpdrachtLevering": "2021-01-09T00:00:00",
    "documenten": [
      {
        "datePublished": "2021-01-09T17:26:23",
        "id": "B700835",
        "title": "Opstellen beschikking wijkzorg AO/DB/LO",
        "url": "",
      },
    ],
    "id": "226616664",
    "isActueel": false,
    "leverancier": "Amstelring",
    "leveringsVorm": "ZIN",
    "productsoortCode": "AWBG",
    "resultaat": "toegewezen",
    "titel": "aanvullende individuele ondersteuning",
  },
  {
    "datumAanvraag": "2021-01-09",
    "datumBeginLevering": "2021-01-01",
    "datumBesluit": "2021-01-09",
    "datumEindeGeldigheid": "2021-03-09",
    "datumEindeLevering": "2021-03-09",
    "datumIngangGeldigheid": "2021-01-01",
    "datumOpdrachtLevering": "2021-01-09T00:00:00",
    "documenten": [
      {
        "datePublished": "2021-01-10T01:50:21",
        "id": "B700836",
        "title": "Opstellen beschikking wijkzorg Hbh",
        "url": "",
      },
    ],
    "id": "1855927508",
    "isActueel": false,
    "leverancier": "Emile Thuiszorg",
    "leveringsVorm": "ZIN",
    "productsoortCode": "WMH",
    "resultaat": "toegewezen",
    "titel": "hulp bij het huishouden",
  },
  {
    "datumAanvraag": "2021-01-09",
    "datumBeginLevering": "2021-01-01",
    "datumBesluit": "2021-01-09",
    "datumEindeGeldigheid": "2021-03-09",
    "datumEindeLevering": "2021-03-09",
    "datumIngangGeldigheid": "2021-01-01",
    "datumOpdrachtLevering": "2021-01-09T00:00:00",
    "documenten": [
      {
        "datePublished": "2021-01-09T23:06:12",
        "id": "B700837",
        "title": "Opstellen beschikking wijkzorg AO/DB/LO",
        "url": "",
      },
    ],
    "id": "1499176916",
    "isActueel": false,
    "leverancier": "Ons Tweede Thuis NA (vh Nieuw Amstelraede)",
    "leveringsVorm": "ZIN",
    "productsoortCode": "DBS",
    "resultaat": "toegewezen",
    "titel": "dagbesteding",
  },
  {
    "datumAanvraag": "2021-03-11",
    "datumBeginLevering": "2021-03-10",
    "datumBesluit": "2021-03-11",
    "datumEindeGeldigheid": "2022-03-10",
    "datumEindeLevering": "2022-03-10",
    "datumIngangGeldigheid": "2021-03-10",
    "datumOpdrachtLevering": "2021-03-11T00:00:00",
    "documenten": [
      {
        "datePublished": "2021-03-11T15:26:28",
        "id": "B739256",
        "title": "Opstellen beschikking wijkzorg AO/DB/LO",
        "url": "",
      },
    ],
    "id": "3608314454",
    "isActueel": false,
    "leverancier": "Ons Tweede Thuis NA (vh Nieuw Amstelraede)",
    "leveringsVorm": "ZIN",
    "productsoortCode": "DBS",
    "resultaat": "toegewezen",
    "titel": "dagbesteding",
  },
  {
    "datumAanvraag": "2021-03-11",
    "datumBeginLevering": "2021-03-10",
    "datumBesluit": "2021-03-11",
    "datumEindeGeldigheid": "2022-03-10",
    "datumEindeLevering": "2021-04-01",
    "datumIngangGeldigheid": "2021-03-10",
    "datumOpdrachtLevering": "2021-03-11T00:00:00",
    "documenten": [
      {
        "datePublished": "2021-03-11T15:29:20",
        "id": "B739257",
        "title": "Opstellen beschikking wijkzorg AO/DB/LO",
        "url": "",
      },
    ],
    "id": "2624361688",
    "isActueel": false,
    "leverancier": "Amstelring",
    "leveringsVorm": "ZIN",
    "productsoortCode": "AWBG",
    "resultaat": "toegewezen",
    "titel": "aanvullende individuele ondersteuning",
  },
  {
    "datumAanvraag": "2021-03-11",
    "datumBeginLevering": "2021-03-10",
    "datumBesluit": "2021-03-11",
    "datumEindeGeldigheid": "2022-03-10",
    "datumEindeLevering": "2022-03-10",
    "datumIngangGeldigheid": "2021-03-10",
    "datumOpdrachtLevering": "2021-03-11T00:00:00",
    "documenten": [
      {
        "datePublished": "2021-03-11T15:24:06",
        "id": "B739258",
        "title": "Opstellen beschikking wijkzorg Hbh",
        "url": "",
      },
    ],
    "id": "2758572638",
    "isActueel": false,
    "leverancier": "Emile Thuiszorg",
    "leveringsVorm": "ZIN",
    "productsoortCode": "WMH",
    "resultaat": "toegewezen",
    "titel": "hulp bij het huishouden",
  },
  {
    "datumAanvraag": "2021-10-13",
    "datumBeginLevering": "2021-10-13",
    "datumBesluit": "2021-10-22",
    "datumEindeGeldigheid": null,
    "datumEindeLevering": "",
    "datumIngangGeldigheid": "2021-10-13",
    "datumOpdrachtLevering": "2021-10-22T16:51:15",
    "documenten": [
      {
        "datePublished": "2021-10-22T16:50:57",
        "id": "B792435",
        "title": "Opstellen beschikking grote WRA",
        "url": "",
      },
    ],
    "id": "3645917971",
    "isActueel": true,
    "leverancier": "Welzorg",
    "leveringsVorm": "ZIN",
    "productsoortCode": "WRA3",
    "resultaat": "toegewezen",
    "titel": "niet standaard opdracht natte cel en toilet",
  },
  {
    "datumAanvraag": "2021-12-06",
    "datumBeginLevering": "2021-12-17",
    "datumBesluit": "2021-12-06",
    "datumEindeGeldigheid": "2022-02-06",
    "datumEindeLevering": "2022-02-06",
    "datumIngangGeldigheid": "2021-12-06",
    "datumOpdrachtLevering": "2021-12-06T16:01:09",
    "documenten": [],
    "id": "2248022546",
    "isActueel": false,
    "leverancier": "Van der Leij Bouwbedrijven B.V",
    "leveringsVorm": "ZIN",
    "productsoortCode": "WRA2",
    "resultaat": "toegewezen",
    "titel": "reparatie-/verwijderopdracht toegang",
  },
  {
    "datumAanvraag": "2021-12-08",
    "datumBeginLevering": "2021-12-20",
    "datumBesluit": "2021-12-08",
    "datumEindeGeldigheid": null,
    "datumEindeLevering": "",
    "datumIngangGeldigheid": "2021-12-20",
    "datumOpdrachtLevering": "2021-12-20T14:05:02",
    "documenten": [
      {
        "datePublished": "2021-12-20T14:08:20",
        "id": "B809511",
        "title": "Opstellen brief handzender",
        "url": "",
      },
    ],
    "id": "1035945789",
    "isActueel": true,
    "leverancier": "Van der Leij Bouwbedrijven B.V",
    "leveringsVorm": "ZIN",
    "productsoortCode": "WRA2",
    "resultaat": "toegewezen",
    "titel": "handzender(s) voor deurautomaat",
  },
  {
    "datumAanvraag": "2021-12-08",
    "datumBeginLevering": "",
    "datumBesluit": "2021-12-08",
    "datumEindeGeldigheid": null,
    "datumEindeLevering": "",
    "datumIngangGeldigheid": "2021-12-08",
    "datumOpdrachtLevering": "2021-12-08T10:54:18",
    "documenten": [
      {
        "datePublished": "2021-12-20T14:08:20",
        "id": "B809511",
        "title": "Opstellen brief handzender",
        "url": "",
      },
    ],
    "id": "1035945788",
    "isActueel": false,
    "leverancier": "Van der Leij Bouwbedrijven B.V",
    "leveringsVorm": "ZIN",
    "productsoortCode": "WRA2",
    "resultaat": "toegewezen",
    "titel": "reparatie-/verwijderopdracht toegang",
  },
  {
    "datumAanvraag": "2022-03-14",
    "datumBeginLevering": "2022-03-11",
    "datumBesluit": "2022-03-14",
    "datumEindeGeldigheid": "2023-03-11",
    "datumEindeLevering": "2023-03-11",
    "datumIngangGeldigheid": "2022-03-11",
    "datumOpdrachtLevering": "2022-03-14T15:42:25",
    "documenten": [
      {
        "datePublished": "2022-03-14T16:12:12",
        "id": "B2258816",
        "title": "Opstellen beschikking wijkzorg AO/DB/LO",
        "url": "",
      },
    ],
    "id": "955409908",
    "isActueel": false,
    "leverancier": "Ons Tweede Thuis NA (vh Nieuw Amstelraede)",
    "leveringsVorm": "ZIN",
    "productsoortCode": "DBS",
    "resultaat": "toegewezen",
    "titel": "dagbesteding",
  },
  {
    "datumAanvraag": "2022-03-14",
    "datumBeginLevering": "2022-03-11",
    "datumBesluit": "2022-03-14",
    "datumEindeGeldigheid": "2023-03-11",
    "datumEindeLevering": "2023-03-11",
    "datumIngangGeldigheid": "2022-03-11",
    "datumOpdrachtLevering": "2022-03-14T15:42:25",
    "documenten": [
      {
        "datePublished": "2022-03-14T16:11:29",
        "id": "B2258817",
        "title": "Opstellen beschikking wijkzorg Hbh",
        "url": "",
      },
    ],
    "id": "1811284656",
    "isActueel": false,
    "leverancier": "Emile Thuiszorg",
    "leveringsVorm": "ZIN",
    "productsoortCode": "WMH",
    "resultaat": "toegewezen",
    "titel": "hulp bij het huishouden",
  },
  {
    "datumAanvraag": "2022-02-16",
    "datumBeginLevering": "2022-06-07",
    "datumBesluit": "2022-04-15",
    "datumEindeGeldigheid": null,
    "datumEindeLevering": "",
    "datumIngangGeldigheid": "2022-03-24",
    "datumOpdrachtLevering": "2022-04-19T13:16:57",
    "documenten": [
      {
        "datePublished": "2022-04-19T13:16:44",
        "id": "B2268406",
        "title": "Opstellen beschikking grote WRA",
        "url": "",
      },
    ],
    "id": "3476086687",
    "isActueel": true,
    "leverancier": "Welzorg",
    "leveringsVorm": "ZIN",
    "productsoortCode": "WRA3",
    "resultaat": "toegewezen",
    "titel": "niet standaard opdracht natte cel en toilet",
  },
  {
    "datumAanvraag": "2022-07-09",
    "datumBeginLevering": "",
    "datumBesluit": "2022-08-01",
    "datumEindeGeldigheid": "2022-10-18",
    "datumEindeLevering": "",
    "datumIngangGeldigheid": "2022-08-01",
    "datumOpdrachtLevering": "",
    "documenten": [],
    "id": "1293703646",
    "isActueel": false,
    "leverancier": "RMC Amsterdam",
    "leveringsVorm": "ZIN",
    "productsoortCode": "AOV",
    "resultaat": "toegewezen",
    "titel": "kamer tot kamer vervoer",
  },
  {
    "datumAanvraag": "2022-09-07",
    "datumBeginLevering": "",
    "datumBesluit": "2022-10-20",
    "datumEindeGeldigheid": null,
    "datumEindeLevering": "",
    "datumIngangGeldigheid": "2022-10-19",
    "datumOpdrachtLevering": "",
    "documenten": [
      {
        "datePublished": "2022-10-19T14:27:42.643",
        "id": "B2391009",
        "title": "AOV Beschikking positief",
        "url": "",
      },
    ],
    "id": "2941866748",
    "isActueel": true,
    "leverancier": "RMC Amsterdam",
    "leveringsVorm": "",
    "productsoortCode": "AOV",
    "resultaat": "toegewezen",
    "titel": "kamer tot kamer vervoer",
  },
  {
    "datumAanvraag": "2022-12-21",
    "datumBeginLevering": "2023-05-15",
    "datumBesluit": "2023-03-01",
    "datumEindeGeldigheid": null,
    "datumEindeLevering": "",
    "datumIngangGeldigheid": "2022-12-21",
    "datumOpdrachtLevering": "2023-03-02T11:17:35.4",
    "documenten": [
      {
        "datePublished": "2023-03-02T11:17:08.293",
        "id": "B2510020",
        "title": "New Toekenning hulpmiddel zonder keuze",
        "url": "",
      },
    ],
    "id": "890306301",
    "isActueel": true,
    "leverancier": "Medipoint",
    "leveringsVorm": "ZIN",
    "productsoortCode": "ROL",
    "resultaat": "toegewezen",
    "titel": "elektrische rolstoel voor binnen en buiten",
  },
  {
    "datumAanvraag": "2022-12-22",
    "datumBeginLevering": "2023-01-06",
    "datumBesluit": "2022-12-22",
    "datumEindeGeldigheid": null,
    "datumEindeLevering": "",
    "datumIngangGeldigheid": "2022-12-22",
    "datumOpdrachtLevering": "2022-12-22T14:41:00.9833333",
    "documenten": [],
    "id": "3042411901",
    "isActueel": true,
    "leverancier": "Welzorg",
    "leveringsVorm": "ZIN",
    "productsoortCode": "WRA5",
    "resultaat": "toegewezen",
    "titel": "Adviesconsult",
  },
  {
    "datumAanvraag": "2023-03-16",
    "datumBeginLevering": "2023-03-12",
    "datumBesluit": "2023-03-16",
    "datumEindeGeldigheid": "2024-03-11",
    "datumEindeLevering": "",
    "datumIngangGeldigheid": "2023-03-12",
    "datumOpdrachtLevering": "2023-03-16T15:50:50.4233333",
    "documenten": [
      {
        "datePublished": "2023-03-16T15:56:11.41",
        "id": "B2516440",
        "title": "Opstellen beschikking wijkzorg Hbh",
        "url": "",
      },
    ],
    "id": "1986585525",
    "isActueel": true,
    "leverancier": "Emile Thuiszorg",
    "leveringsVorm": "ZIN",
    "productsoortCode": "WMH",
    "resultaat": "toegewezen",
    "titel": "hulp bij het huishouden",
  },
  {
    "datumAanvraag": "2023-06-08",
    "datumBeginLevering": "2023-06-14",
    "datumBesluit": "2023-06-08",
    "datumEindeGeldigheid": null,
    "datumEindeLevering": "",
    "datumIngangGeldigheid": "2023-06-08",
    "datumOpdrachtLevering": "2023-06-08T15:10:49.42",
    "documenten": [],
    "id": "1947071120",
    "isActueel": true,
    "leverancier": "Van der Leij Bouwbedrijven B.V",
    "leveringsVorm": "ZIN",
    "productsoortCode": "WRA2",
    "resultaat": "toegewezen",
    "titel": "reparatie-/verwijderopdracht toegang",
  },
]
`;
