// Jest Snapshot v1, https://goo.gl/fbAQLP

exports[`<StatusLine /> Renders the correct html 1`] = `"<div class=\\"StatusLine\\"><h4 class=\\"Heading Heading__tiny ListHeading\\">Status</h4><ul class=\\"List\\"><li style=\\"display:none\\" class=\\"ListItem\\"><div class=\\"ListItemInner\\"><div class=\\"StatusConnection\\"><span class=\\"ConnectLine ConnectLine--start\\"></span><span class=\\"Checkmark Checkmark--checked\\"></span></div><div class=\\"Panel Panel--status\\"><strong class=\\"StatusTitle\\">FOO</strong><time class=\\"StatusDate\\">10 januari 2020</time></div><div class=\\"Panel Panel--description\\"><div class=\\"PanelContent\\">A line item</div></div><div class=\\"Panel Panel--documents\\"><ul class=\\"DocumentList\\"><li class=\\"DocumentListItem\\"><a rel=\\"external noopener noreferrer\\" href=\\"https://foo.bar/document.pdf\\" download=\\"Document title\\" class=\\"Button Button__plain Button__lean Linkd DocumentLink download\\"><svg aria-hidden=\\"true\\" width=\\"14px\\" height=\\"14px\\" fill=\\"#000\\" class=\\"Icon Icon__left\\">Download.svg</svg>Document title</a></li></ul></div></div></li></ul></div>"`;
