// Vitest Snapshot v1, https://vitest.dev/guide/snapshot.html

exports[`<BurgerzakenIDKaart /> > Matches the Full Page snapshot 1`] = `
<DocumentFragment>
  <main
    class="_Page_47d7c0 _DetailPage_47d7c0"
  >
    <header
      class="_PageHeading_3b337d _hasIcon_3b337d _hasBackLink_3b337d"
    >
      <span
        aria-hidden="true"
        class="_Icon_3b337d"
      >
        <svg
          aria-label="Burgerzaken"
          class="_ThemaIcon_2fc54d"
          fill="black"
          height="32px"
          viewBox="0 0 32 32"
          width="32px"
          xmlns="http://www.w3.org/2000/svg"
          xmlns:xlink="http://www.w3.org/1999/xlink"
        >
          <g
            transform="translate(-5 0)"
          >
            <path
              d="M17.6,5 L27,5 L27,2.52631579 L17.6,5 Z M29,5 L32,5 L32,32 L10,32 L10,5 L29,0 L29,5 Z M26,25 L16,25 L16,22 C16,21 17,20 18,20 L24,20 C25,20 26,21 26,22 L26,25 Z M21,18 C19.3431458,18 18,16.6568542 18,15 C18,13.3431458 19.3431458,12 21,12 C22.6568542,12 24,13.3431458 24,15 C24,16.6568542 22.6568542,18 21,18 Z M14,27.96 L28,27.96 L28,9 L14,9 L14,27.96 Z"
            />
          </g>
        </svg>
      </span>
      <div
        class="_HeadingInner_3b337d"
      >
        <a
          class="ams-link ams-link--standalone _BackLink_3b337d"
          href="/"
        >
          <span
            class="ams-icon ams-icon--size-5"
          >
            <svg
              aria-hidden="true"
              focusable="false"
              viewBox="0 0 32 32"
              xmlns="http://www.w3.org/2000/svg"
            >
              <path
                d="m22.857 32-16-16 16-16 2.9 2.91L12.677 16l13.08 13.09z"
                fill-rule="evenodd"
              />
            </svg>
          </span>
          <span>
            Terug
          </span>
        </a>
        <h2
          class="ams-heading ams-heading--level-1"
        >
          Document
        </h2>
      </div>
    </header>
    <div
      class="_PageContent_47d7c0 _DetailPageContent_4b8286"
    >
      <div
        class="_InfoDetail_6f1df2"
      >
        <h3
          class="ams-heading ams-heading--level-4 _Label_6f1df2"
        >
          Documentnummer
        </h3>
        <p
          class="_Value_6f1df2"
        >
          PP57XKG54
        </p>
      </div>
      <div
        class="_InfoDetail_6f1df2"
      >
        <h3
          class="ams-heading ams-heading--level-4 _Label_6f1df2"
        >
          Datum uitgifte
        </h3>
        <p
          class="_Value_6f1df2"
        >
          15 oktober 2015
        </p>
      </div>
      <div
        class="_InfoDetail_6f1df2"
      >
        <h3
          class="ams-heading ams-heading--level-4 _Label_6f1df2"
        >
          Geldig tot
        </h3>
        <p
          class="_Value_6f1df2"
        >
          15 oktober 2025
        </p>
      </div>
    </div>
  </main>
</DocumentFragment>
`;
