// Vitest Snapshot v1, https://vitest.dev/guide/snapshot.html

exports[`<BurgerzakenDetail /> > Matches the Full Page snapshot 1`] = `
<DocumentFragment>
  <main
    class="_Page_47d7c0 _DetailPage_47d7c0"
  >
    <header
      class="_PageHeading_3b337d _hasIcon_3b337d _hasBackLink_3b337d"
    >
      <span
        aria-hidden="true"
        class="_Icon_3b337d"
      >
        <svg
          aria-label="Burgerzaken"
          class="_ChapterIcon_3ea2dd"
          fill="black"
          height="32px"
          viewBox="0 0 32 32"
          width="32px"
          xmlns="http://www.w3.org/2000/svg"
          xmlns:xlink="http://www.w3.org/1999/xlink"
        >
          <g
            transform="translate(-5 0)"
          >
            <path
              d="M17.6,5 L27,5 L27,2.52631579 L17.6,5 Z M29,5 L32,5 L32,32 L10,32 L10,5 L29,0 L29,5 Z M26,25 L16,25 L16,22 C16,21 17,20 18,20 L24,20 C25,20 26,21 26,22 L26,25 Z M21,18 C19.3431458,18 18,16.6568542 18,15 C18,13.3431458 19.3431458,12 21,12 C22.6568542,12 24,13.3431458 24,15 C24,16.6568542 22.6568542,18 21,18 Z M14,27.96 L28,27.96 L28,9 L14,9 L14,27.96 Z"
            />
          </g>
        </svg>
      </span>
      <div
        class="_HeadingInner_3b337d"
      >
        <a
          class="_Button_c3ab45 _Button__plain_c3ab45 _Button__lean_c3ab45 _Linkd_c3ab45 _BackLink_3b337d"
          href="/burgerzaken"
        >
          <svg
            aria-hidden="true"
            class="_Icon_c3ab45 _Icon__left_c3ab45"
            fill="#000"
            focusable="false"
            height="14px"
            viewBox="0 0 32 32"
            width="14px"
            xmlns="http://www.w3.org/2000/svg"
            xmlns:xlink="http://www.w3.org/1999/xlink"
          >
            <title>
              chevron-links-icoon
            </title>
            <polygon
              points="22.8571429 32 6.85714286 16 22.8571429 0 25.7568858 2.91002571 12.6771943 16 25.7568858 29.0899743"
            />
          </svg>
          Burgerzaken
        </a>
        <h2
          class="ams-heading ams-heading--1"
        >
          Document
        </h2>
      </div>
    </header>
    <div
      class="_PageContent_47d7c0 _DetailPageContent_4b8286"
    >
      <div
        class="_InfoDetail_6f1df2"
      >
        <h3
          class="ams-heading ams-heading--4 _Label_6f1df2"
        >
          Documentnummer
        </h3>
        <p
          class="_Value_6f1df2"
        >
          PP57XKG54
        </p>
      </div>
      <div
        class="_InfoDetail_6f1df2"
      >
        <h3
          class="ams-heading ams-heading--4 _Label_6f1df2"
        >
          Datum uitgifte
        </h3>
        <p
          class="_Value_6f1df2"
        >
          15 oktober 2015
        </p>
      </div>
      <div
        class="_InfoDetail_6f1df2"
      >
        <h3
          class="ams-heading ams-heading--4 _Label_6f1df2"
        >
          Geldig tot
        </h3>
        <p
          class="_Value_6f1df2"
        >
          15 oktober 2025
        </p>
      </div>
    </div>
  </main>
</DocumentFragment>
`;
