// Jest Snapshot v1, https://goo.gl/fbAQLP

exports[`Focus TONK service Transforms data correctly and matches snapshot 1`] = `
Object {
  "content": Array [
    Object {
      "chapter": "INKOMEN",
      "datePublished": "2021-04-05T00:00:00+01:00",
      "dateStart": "2021-04-05T00:00:00+01:00",
      "id": "1913900562",
      "link": Object {
        "title": "Bekijk hoe het met uw aanvraag staat",
        "to": "/inkomen/tonk/1/1913900562",
      },
      "productTitle": "TONK",
      "status": "Besluit",
      "steps": Array [
        Object {
          "datePublished": "2021-04-05T00:00:00+01:00",
          "description": "<p>
        Wij hebben uw aanvraag TONK ontvangen.
      </p>",
          "documents": Array [
            Object {
              "datePublished": "2021-04-05T00:00:00+01:00",
              "id": "802",
              "title": "Aanvraag TONK
05 april om 01.00 uur",
              "type": "pdf",
              "url": "/test-api/focus/document?id=2180622340381",
            },
            Object {
              "datePublished": "2021-05-05T00:00:00+01:00",
              "id": "802b",
              "title": "Aanvraag TONK
05 mei om 01.00 uur",
              "type": "pdf",
              "url": "/test-api/focus/document?id=2180622340381",
            },
          ],
          "id": "3624820805",
          "isActive": true,
          "isChecked": true,
          "notificationDescription": "Wij hebben uw aanvraag TONK ontvangen op 05 april om 01.00 uur",
          "notificationTitle": "Wij hebben uw aanvraag TONK ontvangen",
          "product": "TONK",
          "status": "Aanvraag",
          "title": "aanvraag",
        },
        Object {
          "datePublished": "2021-04-05T00:00:00+01:00",
          "description": "<p>
        Wij hebben meer informatie en tijd nodig om uw aanvraag te behandelen.
        Bekijk de brief voor meer details.
      </p>",
          "documents": Array [
            Object {
              "datePublished": "2021-04-05T00:00:00+01:00",
              "id": "176137",
              "title": "Brief meer informatie",
              "type": "pdf",
              "url": "/test-api/",
            },
          ],
          "id": "1418559930",
          "isActive": true,
          "isChecked": true,
          "notificationDescription": "Wij hebben meer informatie en tijd nodig om uw aanvraag te behandelen.",
          "notificationTitle": "TONK uitkering: Meer informatie nodig",
          "product": "TONK",
          "status": "Informatie nodig",
          "title": "herstelTermijn",
        },
        Object {
          "datePublished": "2021-04-05T00:00:00+01:00",
          "description": "<p>U hebt uw TONK aanvraag ingetrokken. Bekijk de brief voor meer details.</p><p><a rel=\\"external noopener noreferrer\\" href=\\"https://www.amsterdam.nl/werk-inkomen/pak-je-kans/\\">Meer regelingen van de gemeente Amsterdam</a></p>",
          "documents": Array [
            Object {
              "datePublished": "2021-04-05T00:00:00+01:00",
              "id": "176138",
              "title": "Brief intrekken TONK aanvraag",
              "type": "pdf",
              "url": "/test-api/",
            },
          ],
          "id": "1969899829",
          "isActive": true,
          "isChecked": true,
          "notificationDescription": "U hebt uw TONK aanvraag ingetrokken.",
          "notificationTitle": "TONK uitkering: Aanvraag ingetrokken",
          "product": "TONK",
          "status": "Besluit",
          "title": "intrekken",
        },
        Object {
          "datePublished": "2021-04-05T00:00:00+01:00",
          "description": "<p>
          U hebt recht op de TONK uitkering. Bekijk de brief
          voor meer details.
        </p><p><a rel=\\"external noopener noreferrer\\" href=\\"https://www.amsterdam.nl/werk-inkomen/pak-je-kans/\\">Meer regelingen van de gemeente Amsterdam</a></p>",
          "documents": Array [
            Object {
              "datePublished": "2021-04-05T00:00:00+01:00",
              "id": "176149",
              "title": "Besluit toekenning uitkering",
              "type": "pdf",
              "url": "/test-api/",
            },
          ],
          "id": "923227155",
          "isActive": true,
          "isChecked": true,
          "notificationDescription": "U hebt recht op de TONK uitkering (besluit: 05 april 2021).",
          "notificationTitle": "TONK uitkering: Uw aanvraag is toegekend",
          "product": "TONK",
          "status": "Besluit",
          "title": "besluit",
        },
        Object {
          "datePublished": "2021-04-05T00:00:00+01:00",
          "description": "<p>
          U hebt recht op de TONK uitkering. Bekijk de brief
          voor meer details.
        </p><p><a rel=\\"external noopener noreferrer\\" href=\\"https://www.amsterdam.nl/werk-inkomen/pak-je-kans/\\">Meer regelingen van de gemeente Amsterdam</a></p>",
          "documents": Array [
            Object {
              "datePublished": "2021-04-05T00:00:00+01:00",
              "id": "176156",
              "title": "Besluit toekenning uitkering",
              "type": "pdf",
              "url": "/test-api/",
            },
          ],
          "id": "2631313149",
          "isActive": true,
          "isChecked": true,
          "notificationDescription": "U hebt recht op de TONK uitkering (besluit: 05 april 2021).",
          "notificationTitle": "TONK uitkering: Uw aanvraag is toegekend",
          "product": "TONK",
          "status": "Besluit",
          "title": "besluit",
        },
        Object {
          "datePublished": "2021-04-05T00:00:00+01:00",
          "description": "<p>
        U hebt geen recht op de TONK uitkering. Bekijk de brief voor meer details.
      </p><p><a rel=\\"external noopener noreferrer\\" href=\\"https://www.amsterdam.nl/werk-inkomen/pak-je-kans/\\">Meer regelingen van de gemeente Amsterdam</a></p>",
          "documents": Array [
            Object {
              "datePublished": "2021-04-05T00:00:00+01:00",
              "id": "176145",
              "title": "Besluit afwijzing",
              "type": "pdf",
              "url": "/test-api/",
            },
          ],
          "id": "1894271519",
          "isActive": true,
          "isChecked": true,
          "notificationDescription": "U hebt geen recht op de TONK uitkering (besluit: 05 april 2021).",
          "notificationTitle": "TONK uitkering: Uw aanvraag is afgewezen",
          "product": "TONK",
          "status": "Besluit",
          "title": "besluit",
        },
        Object {
          "datePublished": "2021-04-05T00:00:00+01:00",
          "description": "<p>
        U hebt geen recht op de TONK uitkering. Bekijk de brief voor meer details.
      </p><p><a rel=\\"external noopener noreferrer\\" href=\\"https://www.amsterdam.nl/werk-inkomen/pak-je-kans/\\">Meer regelingen van de gemeente Amsterdam</a></p>",
          "documents": Array [
            Object {
              "datePublished": "2021-04-05T00:00:00+01:00",
              "id": "176155",
              "title": "Besluit afwijzing",
              "type": "pdf",
              "url": "/test-api/",
            },
          ],
          "id": "1737112318",
          "isActive": true,
          "isChecked": true,
          "notificationDescription": "U hebt geen recht op de TONK uitkering (besluit: 05 april 2021).",
          "notificationTitle": "TONK uitkering: Uw aanvraag is afgewezen",
          "product": "TONK",
          "status": "Besluit",
          "title": "besluit",
        },
        Object {
          "datePublished": "2021-04-05T00:00:00+01:00",
          "description": "<p>Wij behandelen uw aanvraag voor de TONK uitkering niet meer. Bekijk de brief voor meer details.</p><p><a rel=\\"external noopener noreferrer\\" href=\\"https://www.amsterdam.nl/werk-inkomen/pak-je-kans/\\">Meer regelingen van de gemeente Amsterdam</a></p>",
          "documents": Array [
            Object {
              "datePublished": "2021-04-05T00:00:00+01:00",
              "id": "176146",
              "title": "Besluit buiten behandeling",
              "type": "pdf",
              "url": "/test-api/",
            },
          ],
          "id": "1161361244",
          "isActive": true,
          "isChecked": true,
          "notificationDescription": "Bekijk de brief voor meer details.",
          "notificationTitle": "TONK uitkering: Wij behandelen uw aanvraag niet meer",
          "product": "TONK",
          "status": "Besluit",
          "title": "besluit",
        },
      ],
      "title": "TONK",
      "type": "Tozo",
    },
  ],
  "status": "OK",
}
`;
