// Jest Snapshot v1, https://goo.gl/fbAQLP

exports[`<InkomenSpecificaties /> Jaaropgaven Matches the Full Page snapshot 1`] = `
"<main class=\\"Page OverviewPage InkomenSpecificaties SpecificationsTable--annualStatements\\"><header class=\\"PageHeading hasIcon hasBackLink\\"><span aria-hidden=\\"true\\" class=\\"Icon\\"><svg aria-label=\\"INKOMEN\\" fill=\\"black\\" class=\\"ChapterIcon\\">inkomen.svg</svg></span><div class=\\"HeadingInner\\"><a class=\\"Button Button__plain Button__lean Linkd BackLink\\" href=\\"/inkomen-en-stadspas\\"><svg aria-hidden=\\"true\\" width=\\"14px\\" height=\\"14px\\" fill=\\"#000\\" class=\\"Icon Icon__left\\">Chevron-Left.svg</svg>Inkomen en Stadspas</a><h2 class=\\"Heading Heading__large\\">Bijstandsuitkering Jaaropgaven</h2></div></header><div class=\\"PageContent\\"></div><section class=\\"Section TableSection\\"><h3 class=\\"Heading Heading__mediumLarge Title TitleWithItems\\">Jaaropgaven</h3><button aria-expanded=\\"false\\" class=\\"Button Button__secondary-inverted SearchButton\\">Zoeken<i class=\\"SearchButtonIcon\\">◢</i></button><table class=\\"Table SpecificationsTable\\"><thead><tr class=\\"TableRow\\"><th class=\\"DisplayProp\\">Omschrijving</th><th class=\\"DisplayProp\\">Datum</th><th class=\\"DisplayProp\\">Documenten</th></tr></thead><tbody><tr class=\\"TableRow\\"><td class=\\"DisplayPropTitle\\">Jaaropgave</td><td class=\\"DisplayProp\\"><span class=\\"DisplayPropLabel\\">Datum:</span><div>04 januari 2019</div></td><td class=\\"DisplayProp\\"><span class=\\"DisplayPropLabel\\">Documenten:</span><div><a href=\\"/test-api/focus/document?id=20021871&amp;isBulk=false&amp;isDms=false\\" rel=\\"external noopener noreferrer\\" download=\\"2019-01-04-Jaaropgave\\">
        PDF
      </a></div></td></tr><tr class=\\"TableRow\\"><td class=\\"DisplayPropTitle\\">Jaaropgave</td><td class=\\"DisplayProp\\"><span class=\\"DisplayPropLabel\\">Datum:</span><div>04 januari 2019</div></td><td class=\\"DisplayProp\\"><span class=\\"DisplayPropLabel\\">Documenten:</span><div><a href=\\"/test-api/focus/document?id=20021871&amp;isBulk=false&amp;isDms=false\\" rel=\\"external noopener noreferrer\\" download=\\"2019-01-04-Jaaropgave\\">
        PDF
      </a></div></td></tr><tr class=\\"TableRow\\"><td class=\\"DisplayPropTitle\\">Jaaropgave</td><td class=\\"DisplayProp\\"><span class=\\"DisplayPropLabel\\">Datum:</span><div>28 januari 2011</div></td><td class=\\"DisplayProp\\"><span class=\\"DisplayPropLabel\\">Documenten:</span><div><a href=\\"/test-api/focus/document?id=95330222&amp;isBulk=false&amp;isDms=false\\" rel=\\"external noopener noreferrer\\" download=\\"2011-01-28-Jaaropgave\\">
        PDF
      </a></div></td></tr><tr class=\\"TableRow\\"><td class=\\"DisplayPropTitle\\">Jaaropgave</td><td class=\\"DisplayProp\\"><span class=\\"DisplayPropLabel\\">Datum:</span><div>28 januari 2011</div></td><td class=\\"DisplayProp\\"><span class=\\"DisplayPropLabel\\">Documenten:</span><div><a href=\\"/test-api/focus/document?id=95330222&amp;isBulk=false&amp;isDms=false\\" rel=\\"external noopener noreferrer\\" download=\\"2011-01-28-Jaaropgave\\">
        PDF
      </a></div></td></tr></tbody></table></section></main>"
`;

exports[`<InkomenSpecificaties /> Uitkeringsspecificaties Matches the Full Page snapshot 1`] = `
"<main class=\\"Page OverviewPage InkomenSpecificaties\\"><header class=\\"PageHeading hasIcon hasBackLink\\"><span aria-hidden=\\"true\\" class=\\"Icon\\"><svg aria-label=\\"INKOMEN\\" fill=\\"black\\" class=\\"ChapterIcon\\">inkomen.svg</svg></span><div class=\\"HeadingInner\\"><a class=\\"Button Button__plain Button__lean Linkd BackLink\\" href=\\"/inkomen-en-stadspas\\"><svg aria-hidden=\\"true\\" width=\\"14px\\" height=\\"14px\\" fill=\\"#000\\" class=\\"Icon Icon__left\\">Chevron-Left.svg</svg>Inkomen en Stadspas</a><h2 class=\\"Heading Heading__large\\">Bijstandsuitkering </h2></div></header><div class=\\"PageContent\\"></div><section class=\\"Section TableSection\\"><h3 class=\\"Heading Heading__mediumLarge Title TitleWithItems\\">Uitkeringsspecificaties</h3><button aria-expanded=\\"false\\" class=\\"Button Button__secondary-inverted SearchButton\\">Zoeken<i class=\\"SearchButtonIcon\\">◢</i></button><table class=\\"Table SpecificationsTable\\"><thead><tr class=\\"TableRow\\"><th class=\\"DisplayProp\\">Omschrijving</th><th class=\\"DisplayProp\\">Regeling</th><th class=\\"DisplayProp\\">Datum</th><th class=\\"DisplayProp\\">Documenten</th></tr></thead><tbody><tr class=\\"TableRow\\"><td class=\\"DisplayPropTitle\\">Uitkeringsspecificatie</td><td class=\\"DisplayProp\\"><span class=\\"DisplayPropLabel\\">Regeling:</span><div>Participatiewet</div></td><td class=\\"DisplayProp\\"><span class=\\"DisplayPropLabel\\">Datum:</span><div>18 mei 2019</div></td><td class=\\"DisplayProp\\"><span class=\\"DisplayPropLabel\\">Documenten:</span><div><a href=\\"/test-api/focus/document?id=31569261&amp;isBulk=false&amp;isDms=false\\" rel=\\"external noopener noreferrer\\" download=\\"2019-05-18-Uitkeringsspecificatie\\">
        PDF
      </a></div></td></tr><tr class=\\"TableRow\\"><td class=\\"DisplayPropTitle\\">Uitkeringsspecificatie</td><td class=\\"DisplayProp\\"><span class=\\"DisplayPropLabel\\">Regeling:</span><div>Bijzondere Bijstand</div></td><td class=\\"DisplayProp\\"><span class=\\"DisplayPropLabel\\">Datum:</span><div>18 mei 2019</div></td><td class=\\"DisplayProp\\"><span class=\\"DisplayPropLabel\\">Documenten:</span><div><a href=\\"/test-api/focus/document?id=31569291&amp;isBulk=false&amp;isDms=false\\" rel=\\"external noopener noreferrer\\" download=\\"2019-05-18-Uitkeringsspecificatie\\">
        PDF
      </a></div></td></tr><tr class=\\"TableRow\\"><td class=\\"DisplayPropTitle\\">Uitkeringsspecificatie</td><td class=\\"DisplayProp\\"><span class=\\"DisplayPropLabel\\">Regeling:</span><div>Bijzondere Bijstand</div></td><td class=\\"DisplayProp\\"><span class=\\"DisplayPropLabel\\">Datum:</span><div>19 april 2019</div></td><td class=\\"DisplayProp\\"><span class=\\"DisplayPropLabel\\">Documenten:</span><div><a href=\\"/test-api/focus/document?id=24267671&amp;isBulk=false&amp;isDms=false\\" rel=\\"external noopener noreferrer\\" download=\\"2019-04-19-Uitkeringsspecificatie\\">
        PDF
      </a></div></td></tr><tr class=\\"TableRow\\"><td class=\\"DisplayPropTitle\\">Uitkeringsspecificatie</td><td class=\\"DisplayProp\\"><span class=\\"DisplayPropLabel\\">Regeling:</span><div>Participatiewet</div></td><td class=\\"DisplayProp\\"><span class=\\"DisplayPropLabel\\">Datum:</span><div>19 april 2019</div></td><td class=\\"DisplayProp\\"><span class=\\"DisplayPropLabel\\">Documenten:</span><div><a href=\\"/test-api/focus/document?id=24267681&amp;isBulk=false&amp;isDms=false\\" rel=\\"external noopener noreferrer\\" download=\\"2019-04-19-Uitkeringsspecificatie\\">
        PDF
      </a></div></td></tr><tr class=\\"TableRow\\"><td class=\\"DisplayPropTitle\\">Uitkeringsspecificatie</td><td class=\\"DisplayProp\\"><span class=\\"DisplayPropLabel\\">Regeling:</span><div>Participatiewet</div></td><td class=\\"DisplayProp\\"><span class=\\"DisplayPropLabel\\">Datum:</span><div>23 maart 2019</div></td><td class=\\"DisplayProp\\"><span class=\\"DisplayPropLabel\\">Documenten:</span><div><a href=\\"/test-api/focus/document?id=24078481&amp;isBulk=false&amp;isDms=false\\" rel=\\"external noopener noreferrer\\" download=\\"2019-03-23-Uitkeringsspecificatie\\">
        PDF
      </a></div></td></tr><tr class=\\"TableRow\\"><td class=\\"DisplayPropTitle\\">Uitkeringsspecificatie</td><td class=\\"DisplayProp\\"><span class=\\"DisplayPropLabel\\">Regeling:</span><div>Bijzondere Bijstand</div></td><td class=\\"DisplayProp\\"><span class=\\"DisplayPropLabel\\">Datum:</span><div>23 maart 2019</div></td><td class=\\"DisplayProp\\"><span class=\\"DisplayPropLabel\\">Documenten:</span><div><a href=\\"/test-api/focus/document?id=24078491&amp;isBulk=false&amp;isDms=false\\" rel=\\"external noopener noreferrer\\" download=\\"2019-03-23-Uitkeringsspecificatie\\">
        PDF
      </a></div></td></tr><tr class=\\"TableRow\\"><td class=\\"DisplayPropTitle\\">Uitkeringsspecificatie</td><td class=\\"DisplayProp\\"><span class=\\"DisplayPropLabel\\">Regeling:</span><div>WWB</div></td><td class=\\"DisplayProp\\"><span class=\\"DisplayPropLabel\\">Datum:</span><div>18 januari 2014</div></td><td class=\\"DisplayProp\\"><span class=\\"DisplayPropLabel\\">Documenten:</span><div><a href=\\"/test-api/focus/document?id=30032581&amp;isBulk=false&amp;isDms=false\\" rel=\\"external noopener noreferrer\\" download=\\"2014-01-18-Uitkeringsspecificatie\\">
        PDF
      </a></div></td></tr></tbody></table></section></main>"
`;
