// Jest Snapshot v1, https://goo.gl/fbAQLP

exports[`tutorial Renders without crashing 1`] = `"<div class=\\"Tutorial\\"><div class=\\"TutorialItem MyUpdatesItem\\" style=\\"top: 0px; left: 0px;\\">Hier ziet u nieuwe berichten van onze afdelingen die uw aandacht vragen<br><svg>Arrow__primary-white.svg</svg></div><div class=\\"TutorialItem MyChaptersItem\\" style=\\"top: 0px; left: 0px;\\"><svg>Arrow__primary-white.svg</svg><br>Dit zijn de onderwerpen waarover u iets heeft bij de gemeente</div><div class=\\"TutorialItem MyCasesItem\\" style=\\"top: 0px; left: 0px;\\"><svg>Arrow__primary-white.svg</svg><br>Dit is een overzicht van uw lopende aanvragen of wijzigingen</div><div class=\\"TutorialItem MyAreaItem\\" style=\\"top: 0px; left: 0px;\\">Hier ziet u informatie van de gemeente, bijvoorbeeld over afval, parkeren en bekendmakingen<br><svg>Arrow__primary-white.svg</svg></div><div class=\\"TutorialItem MyTipsItem\\" style=\\"top: 0px; left: 0px;\\"><svg>Arrow__primary-white.svg</svg><br>Hier geven wij u handige tips, bijvoorbeeld over de regelingen en voorzieningen van de gemeente</div></div>"`;
