// Jest Snapshot v1, https://goo.gl/fbAQLP

exports[`<Landing /> Renders without crashing 1`] = `
<DocumentFragment>
  <main
    class="Page TextPage"
  >
    <header
      class="PageHeading Heading"
    >
      <div
        class="HeadingInner"
      >
        <h2
          class="Heading Heading__large"
        >
          Welkom op Mijn Amsterdam
        </h2>
      </div>
    </header>
    <div
      class="PageContent LandingContent"
      id="skip-to-id-AppContent"
    >
      <p>
        Mijn Amsterdam is uw persoonlijke online pagina bij de gemeente Amsterdam.
      </p>
      <div
        class="LoginOption"
      >
        <h3
          class="Heading Heading__tiny LoginOptionHeading"
        >
          Voor particulieren en eenmanszaken
        </h3>
        <p>
          <a
            class="LoginBtn"
            href="/api/v1/auth/digid/login"
            rel="noopener noreferrer"
            role="button"
          >
            <span
              class="LoginLogoWrap"
            >
              <svg
                viewBox="0 0 150 150"
                xmlns="http://www.w3.org/2000/svg"
              >
                <title>
                  DigiD logo
                </title>
                <path
                  d="M136 150H14c-8 0-14-6-14-14V14C0 6 6 0 14 0h122c8 0 14 6 14 14v122c0 8-6 14-14 14z"
                />
                <path
                  d="M17 115V79h10c12 0 19 6 19 17 0 13-8 19-19 19H17zm6-6h4c7 0 12-4 12-13 0-8-5-12-13-12h-3v25zM54 77c3 0 4 1 4 3s-1 4-4 4c-2 0-3-2-3-4s1-3 3-3zm3 38h-6V88h6v27zM72 109h6c6 0 9 3 9 7 0 5-4 9-14 9-8 0-11-2-11-7 0-2 1-4 4-6l-2-3c0-2 1-3 3-4-3-2-4-4-4-8 0-6 4-10 11-10l4 1h9v4h-4l2 5c0 6-4 9-12 9h-3l-1 1c0 2 1 2 3 2zm1 12c6 0 8-2 8-4s-1-2-3-2l-9-1-2 3c0 2 2 4 6 4zm6-24c0-3-2-5-5-5s-5 1-5 5 1 5 5 5c3 0 5-1 5-5z"
                  fill="#fff"
                />
                <path
                  d="M94 77c2 0 3 1 3 3s-1 4-3 4c-3 0-4-2-4-4s1-3 4-3zm3 38h-6V88h6v27zM105 115V79h10c12 0 18 6 18 17 0 13-7 19-19 19h-9zm6-6h4c7 0 12-4 12-13 0-8-5-12-13-12h-3v25z"
                  fill="#E17000"
                />
              </svg>
            </span>
            <span
              class="LoginButtonText"
            >
              Inloggen met DigiD
            </span>
          </a>
        </p>
        <h4
          class="Heading Heading__tiny"
        >
          Hebt u nog geen DigiD? Regel dit dan eerst.
        </h4>
        <p>
          Ga naar 
          <a
            href="https://www.digid.nl/aanvragen"
            rel="noopener noreferrer"
          >
            DigiD aanvragen
          </a>
        </p>
      </div>
      <div
        class="LoginOption LoginOption--eherkenning"
      >
        <h3
          class="Heading Heading__tiny LoginOptionHeading"
        >
          Voor ondernemers
        </h3>
        <p>
          <a
            class="LoginBtn LoginBtn--eherkenning"
            href="/api/v1/auth/eherkenning/login"
            rel="noopener noreferrer"
            role="button"
          >
            <span
              class="LoginLogoWrap"
            >
              <svg
                height="28px"
                version="1.1"
                viewBox="0 0 46 28"
                width="46px"
                xmlns="http://www.w3.org/2000/svg"
              >
                <title>
                  eHerkenning logo
                </title>
                <g
                  fill="#DF0067"
                  transform="translate(25.134021, 0.000000)"
                >
                  <rect
                    height="11.2865979"
                    width="4.45773196"
                    x="0.0948453608"
                    y="15.7443299"
                  />
                  <rect
                    height="11.0020619"
                    width="4.45773196"
                    x="0.0948453608"
                    y="0.331958763"
                  />
                  <polygon
                    points="16.3134021 0.331958763 16.3134021 11.3814433 6.7814433 11.3814433 4.8371134 15.6969072 16.3134021 15.6969072 16.3134021 27.0309278 20.8185567 27.0309278 20.8185567 0.331958763"
                  />
                </g>
                <path
                  d="M7.72989691,27.0309278 C3.69896907,27.0309278 0.379381443,23.7113402 0.379381443,19.6804124 L0.379381443,19.6804124 L0.379381443,7.72989691 C0.379381443,3.65154639 3.65154639,0.379381443 7.72989691,0.379381443 L7.72989691,0.379381443 L21.1505155,0.379381443 L21.1505155,4.97938144 L7.72989691,4.97938144 C6.21237113,4.97938144 4.97938144,6.21237113 4.97938144,7.77731959 L4.97938144,7.77731959 L4.97938144,19.7278351 C4.97938144,21.2453608 6.21237113,22.5257732 7.72989691,22.5257732 L7.72989691,22.5257732 L21.1505155,22.5257732 L21.1505155,27.0309278 L7.72989691,27.0309278 L7.72989691,27.0309278 Z"
                  fill="#133370"
                />
                <polygon
                  fill="#133370"
                  points="7.91958763 11.3814433 7.91958763 15.6969072 18.2103093 15.6969072 20.1546392 11.3814433"
                />
              </svg>
            </span>
            <span
              class="LoginButtonText"
            >
              Inloggen met eHerkenning
            </span>
          </a>
        </p>
        <h4
          class="Heading Heading__tiny"
        >
          U hebt eHerkenning niveau 3 nodig om in te loggen.
        </h4>
        <p>
          Ga naar 
          <a
            href="https://eherkenning.nl"
            rel="noopener noreferrer"
          >
            eherkenning.nl
          </a>
           voor meer informatie.
        </p>
      </div>
      <h4
        class="Heading Heading__tiny"
      >
        Vragen over Mijn Amsterdam?
      </h4>
      <p
        class="FaqInfo"
      >
        Kijk bij 
        <a
          class="Button Button__inline Button__lean Linkd LinkedInline"
          href="https://www.amsterdam.nl/veelgevraagd/?productid={68422ECA-8C56-43EC-A9AA-B3DF190B5077}"
          rel="external noopener noreferrer"
        >
          veelgestelde vragen over Mijn Amsterdam
        </a>
      </p>
    </div>
  </main>
</DocumentFragment>
`;
