// Vitest Snapshot v1, https://vitest.dev/guide/snapshot.html

exports[`<Zorg /> > Matches the Full Page snapshot 1`] = `
<DocumentFragment>
  <main
    class="_Page_47d7c0 _OverviewPage_47d7c0 _ZorgOverviewPage_14a7ab"
  >
    <header
      class="_PageHeading_3b337d _hasIcon_3b337d _hasBackLink_3b337d"
    >
      <span
        aria-hidden="true"
        class="_Icon_3b337d"
      >
        <svg
          aria-label="Zorg en ondersteuning"
          class="_ThemaIcon_2fc54d"
          fill="black"
          focusable="false"
          height="32px"
          viewBox="0 0 32 32"
          width="32px"
          xmlns="http://www.w3.org/2000/svg"
          xmlns:xlink="http://www.w3.org/1999/xlink"
        >
          <title>
            zorg-en-ondersteuning-icoon
          </title>
          <polygon
            id="Path"
            points="14 25 18 25 18 21 22 21 22 17 18 17 18 13 14 13 14 17 10 17 10 21 14 21"
          />
          <path
            d="M25,6 L25,0 L7,0 L7,6 L0,6 L0,32 L32,32 L32,6 L25,6 Z M11,4 L21,4 L21,6 L11,6 L11,4 Z M28,28 L4,28 L4,10 L28,10 L28,28 Z"
            id="Shape"
          />
        </svg>
      </span>
      <div
        class="_HeadingInner_3b337d"
      >
        <a
          class="_Button_c3ab45 _Button__plain_c3ab45 _Button__lean_c3ab45 _Linkd_c3ab45 _BackLink_3b337d"
          href="/"
        >
          <svg
            aria-hidden="true"
            class="_Icon_c3ab45 _Icon__left_c3ab45"
            fill="#000"
            focusable="false"
            height="14px"
            viewBox="0 0 32 32"
            width="14px"
            xmlns="http://www.w3.org/2000/svg"
            xmlns:xlink="http://www.w3.org/1999/xlink"
          >
            <title>
              chevron-links-icoon
            </title>
            <polygon
              points="22.8571429 32 6.85714286 16 22.8571429 0 25.7568858 2.91002571 12.6771943 16 25.7568858 29.0899743"
            />
          </svg>
          Home
        </a>
        <h2
          class="ams-heading ams-heading--1"
        >
          Zorg en ondersteuning
        </h2>
      </div>
    </header>
    <div
      class="_PageContent_47d7c0"
    >
      <p>
        Hieronder ziet u uw regelingen en hulpmiddelen vanuit de Wmo. Hebt u vragen of wilt u een wijziging doorgeven? Bel dan gratis de Wmo Helpdesk: 
        <a
          class="_Button_c3ab45 _Button__inline_c3ab45 _Button__lean_c3ab45 _Linkd_c3ab45 _LinkedInline_c3ab45"
          href="tel:08000643"
          rel="external noopener noreferrer"
        >
          0800 0643
        </a>
        . Of ga langs bij het Sociaal Loket.
      </p>
      <p>
        <a
          class="_Button_c3ab45 _Button__plain_c3ab45 _Button__lean_c3ab45 _Linkd_c3ab45"
          href="https://www.amsterdam.nl/zorg-ondersteuning/"
          rel="external noopener noreferrer"
        >
          <svg
            aria-hidden="true"
            class="_Icon_c3ab45 _Icon__left_c3ab45"
            fill="#000"
            focusable="false"
            height="14px"
            viewBox="0 0 32 32"
            width="14px"
            xmlns="http://www.w3.org/2000/svg"
            xmlns:xlink="http://www.w3.org/1999/xlink"
          >
            <title>
              chevron-rechts-icoon
            </title>
            <polygon
              points="9.75688579 32 6.85714286 29.0899743 19.9368344 16 6.85714286 2.91002571 9.75688579 0 25.7568858 16"
            />
          </svg>
          Lees hier meer over zorg en ondersteuning
        </a>
      </p>
    </div>
    <section
      class="_SectionCollapsible_b93dc7 _SectionCollapsibleCurrent_14a7ab"
    >
      <h3
        class="ams-heading ams-heading--3 _Title_b93dc7 _TitleWithItems_b93dc7"
      >
        <button
          aria-expanded="true"
          class="_TitleToggle_b93dc7"
        >
          <svg
            aria-hidden="true"
            class="_CaretIcon_b93dc7"
            focusable="false"
            height="32px"
            viewBox="0 0 32 32"
            width="32px"
            xmlns="http://www.w3.org/2000/svg"
            xmlns:xlink="http://www.w3.org/1999/xlink"
          >
            <title>
              chevron-rechts-icoon
            </title>
            <polygon
              points="9.75688579 32 6.85714286 29.0899743 19.9368344 16 6.85714286 2.91002571 9.75688579 0 25.7568858 16"
            />
          </svg>
           Huidige regelingen en hulpmiddelen
        </button>
      </h3>
      <div
        aria-hidden="false"
        class="_Panel_b93dc7"
        style="height: 0px;"
      >
        <div
          class="_PanelInner_b93dc7"
        >
          <table
            class="_Table_a66dcc"
          >
            <tbody>
              <tr
                class="_TableRow_a66dcc"
              >
                <td
                  class="_DisplayPropTitle_a66dcc"
                >
                  <a
                    class="_Button_c3ab45 _Button__plain_c3ab45 _Button__lean_c3ab45 _Linkd_c3ab45"
                    href="/http://example.org/ding"
                  >
                    <svg
                      aria-hidden="true"
                      class="_Icon_c3ab45 _Icon__left_c3ab45"
                      fill="#000"
                      focusable="false"
                      height="14px"
                      viewBox="0 0 32 32"
                      width="14px"
                      xmlns="http://www.w3.org/2000/svg"
                      xmlns:xlink="http://www.w3.org/1999/xlink"
                    >
                      <title>
                        chevron-rechts-icoon
                      </title>
                      <polygon
                        points="9.75688579 32 6.85714286 29.0899743 19.9368344 16 6.85714286 2.91002571 9.75688579 0 25.7568858 16"
                      />
                    </svg>
                    Wmo item 1
                  </a>
                </td>
              </tr>
            </tbody>
          </table>
        </div>
      </div>
    </section>
    <section
      class="_SectionCollapsible_b93dc7"
    >
      <h3
        class="ams-heading ams-heading--3 _Title_b93dc7 _TitleWithItems_b93dc7"
      >
        <button
          aria-expanded="false"
          class="_TitleToggle_b93dc7"
        >
          <svg
            aria-hidden="true"
            class="_CaretIcon_b93dc7"
            focusable="false"
            height="32px"
            viewBox="0 0 32 32"
            width="32px"
            xmlns="http://www.w3.org/2000/svg"
            xmlns:xlink="http://www.w3.org/1999/xlink"
          >
            <title>
              chevron-rechts-icoon
            </title>
            <polygon
              points="9.75688579 32 6.85714286 29.0899743 19.9368344 16 6.85714286 2.91002571 9.75688579 0 25.7568858 16"
            />
          </svg>
           Eerdere regelingen en hulpmiddelen
        </button>
      </h3>
      <div
        aria-hidden="true"
        class="_Panel_b93dc7"
        style="height: 0px;"
      >
        <div
          class="_PanelInner_b93dc7"
        >
          <p
            class="_NoItemsMessage_b93dc7"
          >
            U hebt geen eerdere regelingen en hulpmiddelen.
          </p>
        </div>
      </div>
    </section>
    <p
      class="_HistoricItemsMention_14a7ab"
    >
      U ziet hier alleen informatie vanaf 1 januari 2018. Bel voor informatie van eerdere jaren de Wmo Helpdesk: 0800 0643.
    </p>
  </main>
</DocumentFragment>
`;
