// Vitest Snapshot v1, https://vitest.dev/guide/snapshot.html

exports[`brp.ts > fetchBrpByBsn > Should format response data correctly > Formatting for test BSN 1, with verblijfplaatshistorie 1`] = `
{
  "content": {
    "adres": {
      "begindatumVerblijf": "2015-10-01",
      "begindatumVerblijfFormatted": "1 oktober 2015",
      "huisletter": null,
      "huisnummer": "1",
      "huisnummertoevoeging": null,
      "landnaam": null,
      "locatiebeschrijving": null,
      "postcode": "1102BL",
      "straatnaam": "E Cady Stantonpln",
      "woonplaatsNaam": "Amsterdam",
    },
    "adresHistorisch": [
      {
        "begindatumVerblijf": "1995-10-20",
        "begindatumVerblijfFormatted": "20 oktober 1995",
        "huisletter": null,
        "huisnummer": "4",
        "huisnummertoevoeging": null,
        "landnaam": null,
        "locatiebeschrijving": null,
        "postcode": "1098NK",
        "straatnaam": "Ampèrestraat",
        "woonplaatsNaam": "Amsterdam",
      },
      {
        "begindatumVerblijf": "1995-04-12",
        "begindatumVerblijfFormatted": "12 april 1995",
        "huisletter": null,
        "huisnummer": "100",
        "huisnummertoevoeging": null,
        "landnaam": null,
        "locatiebeschrijving": null,
        "postcode": "1011AH",
        "straatnaam": "Prins Hendrikkade",
        "woonplaatsNaam": null,
      },
    ],
    "kinderen": [
      {
        "geboortedatum": "2015-09-01",
        "geboortedatumFormatted": "1 september 2015",
        "geboortelandnaam": "Nigeria",
        "geboorteplaatsnaam": "Lagos",
        "geslachtsnaam": "Abayomi - Akwasi",
        "omschrijvingAdellijkeTitel": null,
        "opgemaakteNaam": null,
        "overlijdensdatum": null,
        "overlijdensdatumFormatted": null,
        "voornamen": null,
        "voorvoegselGeslachtsnaam": null,
      },
    ],
    "ouders": [
      {
        "geboortedatum": "1979-11-12",
        "geboortedatumFormatted": "12 november 1979",
        "geboortelandnaam": "Nigeria",
        "geboorteplaatsnaam": "Lagos",
        "geslachtsnaam": "Bawana",
        "omschrijvingAdellijkeTitel": null,
        "opgemaakteNaam": null,
        "overlijdensdatum": null,
        "overlijdensdatumFormatted": null,
        "voornamen": null,
        "voorvoegselGeslachtsnaam": null,
      },
      {
        "geboortedatum": "1975-06-06",
        "geboortedatumFormatted": "6 juni 1975",
        "geboortelandnaam": "Nigeria",
        "geboorteplaatsnaam": "Lagos",
        "geslachtsnaam": "Akwasi",
        "omschrijvingAdellijkeTitel": null,
        "opgemaakteNaam": null,
        "overlijdensdatum": null,
        "overlijdensdatumFormatted": null,
        "voornamen": null,
        "voorvoegselGeslachtsnaam": null,
      },
    ],
    "persoon": {
      "aanduidingNaamgebruikOmschrijving": "eigen geslachtsnaam",
      "adresInOnderzoek": null,
      "bsn": "999971074",
      "datumVertrekUitNederland": null,
      "datumVertrekUitNederlandFormatted": null,
      "geboortedatum": "1995-09-01",
      "geboortedatumFormatted": "1 september 1995",
      "geboortelandnaam": "Nigeria",
      "geboorteplaatsnaam": "Lagos",
      "gemeentenaamInschrijving": "Amsterdam",
      "geslachtsnaam": "Akwasi",
      "indicatieGeheim": false,
      "mokum": true,
      "nationaliteiten": [],
      "omschrijvingAdellijkeTitel": null,
      "omschrijvingBurgerlijkeStaat": "Ongehuwd",
      "omschrijvingGeslachtsaanduiding": "vrouw",
      "opgemaakteNaam": "Akwasi",
      "overlijdensdatum": null,
      "overlijdensdatumFormatted": null,
      "vertrokkenOnbekendWaarheen": false,
      "voornamen": null,
      "voorvoegselGeslachtsnaam": null,
    },
    "verbintenis": {
      "datumOntbinding": "2019-11-05",
      "datumOntbindingFormatted": "5 november 2019",
      "datumSluiting": "2014-08-01",
      "datumSluitingFormatted": "1 augustus 2014",
      "persoon": {
        "geboortedatum": "1989-11-12",
        "geboortedatumFormatted": "12 november 1989",
        "geboortelandnaam": "Nigeria",
        "geboorteplaatsnaam": "Lagos",
        "geslachtsnaam": "Abayomi",
        "omschrijvingAdellijkeTitel": null,
        "opgemaakteNaam": null,
        "overlijdensdatum": null,
        "overlijdensdatumFormatted": null,
        "voornamen": null,
        "voorvoegselGeslachtsnaam": null,
      },
    },
  },
  "status": "OK",
}
`;

exports[`brp.ts > fetchBrpByBsn > Should format response data correctly > Formatting for test BSN 2, with verblijfplaatshistorie returning an error 1`] = `
{
  "content": {
    "adres": {
      "begindatumVerblijf": "2001-05-01",
      "begindatumVerblijfFormatted": "1 mei 2001",
      "huisletter": null,
      "huisnummer": "650",
      "huisnummertoevoeging": null,
      "landnaam": null,
      "locatiebeschrijving": null,
      "postcode": "1098XH",
      "straatnaam": "Science Park",
      "woonplaatsNaam": "Amsterdam",
    },
    "adresHistorisch": [],
    "kinderen": [],
    "ouders": [
      {
        "geboortedatum": "1914-01-11",
        "geboortedatumFormatted": "11 januari 1914",
        "geboortelandnaam": "Nederland",
        "geboorteplaatsnaam": "Heiloo",
        "geslachtsnaam": "Manderley",
        "omschrijvingAdellijkeTitel": null,
        "opgemaakteNaam": null,
        "overlijdensdatum": null,
        "overlijdensdatumFormatted": null,
        "voornamen": "Johanna",
        "voorvoegselGeslachtsnaam": null,
      },
      {
        "geboortedatum": "1919-04-29",
        "geboortedatumFormatted": "29 april 1919",
        "geboortelandnaam": "Nederland",
        "geboorteplaatsnaam": "Heiloo",
        "geslachtsnaam": "Roos",
        "omschrijvingAdellijkeTitel": null,
        "opgemaakteNaam": null,
        "overlijdensdatum": null,
        "overlijdensdatumFormatted": null,
        "voornamen": "Hendrikus",
        "voorvoegselGeslachtsnaam": "de",
      },
    ],
    "persoon": {
      "aanduidingNaamgebruikOmschrijving": "eigen geslachtsnaam",
      "adresInOnderzoek": null,
      "bsn": "999990810",
      "datumVertrekUitNederland": null,
      "datumVertrekUitNederlandFormatted": null,
      "geboortedatum": "1955-06-02",
      "geboortedatumFormatted": "2 juni 1955",
      "geboortelandnaam": "Nederland",
      "geboorteplaatsnaam": "Haarlem",
      "gemeentenaamInschrijving": "Amsterdam",
      "geslachtsnaam": "Roos",
      "indicatieGeheim": false,
      "mokum": true,
      "nationaliteiten": [
        {
          "omschrijving": "Nederlandse",
        },
      ],
      "omschrijvingAdellijkeTitel": null,
      "omschrijvingBurgerlijkeStaat": null,
      "omschrijvingGeslachtsaanduiding": "vrouw",
      "opgemaakteNaam": "Hendrika Isabella Gerarda Johanna de Roos",
      "overlijdensdatum": null,
      "overlijdensdatumFormatted": null,
      "vertrokkenOnbekendWaarheen": false,
      "voornamen": "Hendrika Isabella Gerarda Johanna",
      "voorvoegselGeslachtsnaam": "de",
    },
    "verbintenis": {
      "datumOntbinding": null,
      "datumOntbindingFormatted": null,
      "datumSluiting": "2002-02-02",
      "datumSluitingFormatted": "2 februari 2002",
      "persoon": {
        "geboortedatum": "1970-02-28",
        "geboortedatumFormatted": "28 februari 1970",
        "geboortelandnaam": "Bolivia",
        "geboorteplaatsnaam": "Cochabambo",
        "geslachtsnaam": "Bruchs",
        "omschrijvingAdellijkeTitel": null,
        "opgemaakteNaam": null,
        "overlijdensdatum": null,
        "overlijdensdatumFormatted": null,
        "voornamen": "Helène",
        "voorvoegselGeslachtsnaam": null,
      },
    },
  },
  "failedDependencies": {
    "adresHistorisch": {
      "content": null,
      "message": "Unexpected token 'I', "Internal S"... is not valid JSON",
      "status": "ERROR",
    },
  },
  "status": "OK",
}
`;
