// Jest Snapshot v1, https://goo.gl/fbAQLP

exports[`<GarbageInformation /> Matches the Full Page snapshot 1`] = `"<main class=\\"Page DetailPage GarbageInformation\\"><header class=\\"PageHeading hasIcon\\"><span aria-hidden=\\"true\\" class=\\"Icon\\"><svg aria-label=\\"AFVAL\\" fill=\\"black\\" class=\\"ChapterIcon\\">Huisvuilkalender.svg</svg></span><div class=\\"HeadingInner\\"><h2 class=\\"Heading Heading__large\\">Afval</h2></div></header><div class=\\"PageContent\\"><p>Bekijk waar u uw afval kwijt kunt en hoe u uw afval kunt scheiden.</p><p><a rel=\\"external noopener noreferrer\\" href=\\"https://www.amsterdam.nl/afval/\\" class=\\"Button Button__plain Button__lean Linkd\\"><svg aria-hidden=\\"true\\" width=\\"14px\\" height=\\"14px\\" fill=\\"#000\\" class=\\"Icon Icon__left\\">Chevron-Right.svg</svg>De regels voor afval en hergebruik</a></p></div><div class=\\"Panel Panel AddressPanel\\"><h3 class=\\"Heading Heading__tiny\\">Uw adres</h3><p>Teststraat 24  x</p></div><section class=\\"SectionCollapsible InfoSection\\"><h3 class=\\"Heading Heading__mediumLarge Title TitleWithItems\\"><button aria-expanded=\\"false\\" class=\\"TitleToggle\\"><svg aria-hidden=\\"true\\" class=\\"CaretIcon\\">Chevron-Right.svg</svg> Zetje afval aan de weg</button></h3><div class=\\"Panel\\" style=\\"height: 0px;\\" aria-hidden=\\"true\\"><div class=\\"PanelInner\\"><div class=\\"Panel Panel\\"><h3 class=\\"Heading Heading__tiny\\">Hoe</h3><p>Aan de weg</p></div><div class=\\"Panel Panel\\"><h3 class=\\"Heading Heading__tiny\\">Buiten zetten</h3><p>vanaf Woensdag 20:00 tot Donderdag 07:00</p></div><div class=\\"Panel Panel\\"><h3 class=\\"Heading Heading__tiny\\">Ophaaldag</h3><p>Donderdag</p></div><div class=\\"Panel Panel\\"><h3 class=\\"Heading Heading__tiny\\">Opmerking</h3><p>Hou het netjes!</p></div></div></div></section><section class=\\"SectionCollapsible InfoSection\\"><h3 class=\\"Heading Heading__mediumLarge Title TitleWithItems\\"><button aria-expanded=\\"false\\" class=\\"TitleToggle\\"><svg aria-hidden=\\"true\\" class=\\"CaretIcon\\">Chevron-Right.svg</svg> Gooi zakken in container</button></h3><div class=\\"Panel\\" style=\\"height: 0px;\\" aria-hidden=\\"true\\"><div class=\\"PanelInner\\"><div class=\\"Panel Panel\\"><h3 class=\\"Heading Heading__tiny\\">Hoe</h3><p>In container</p></div><div class=\\"Panel Panel\\"><h3 class=\\"Heading Heading__tiny\\">Opmerking</h3><p>Hou het netjes!</p></div></div></div></section><section class=\\"SectionCollapsible InfoSection InfoSectionMap\\"><h3 class=\\"Heading Heading__mediumLarge Title TitleWithItems\\"><button aria-expanded=\\"false\\" class=\\"TitleToggle\\"><svg aria-hidden=\\"true\\" class=\\"CaretIcon\\">Chevron-Right.svg</svg> Afvalcontainers in de buurt</button></h3><div class=\\"Panel\\" style=\\"height: 0px;\\" aria-hidden=\\"true\\"><div class=\\"PanelInner\\"><div class=\\"MyAreaMapContainer GarbageContainerMap\\"><div class=\\"MyAreaLoader\\"><span><svg aria-hidden=\\"true\\">home.svg</svg>Uw adres wordt opgezocht...</span></div></div></div></div></section><section class=\\"SectionCollapsible InfoSection InfoSectionGarbagePoints\\"><h3 class=\\"Heading Heading__mediumLarge Title TitleWithItems\\"><button aria-expanded=\\"false\\" class=\\"TitleToggle\\"><svg aria-hidden=\\"true\\" class=\\"CaretIcon\\">Chevron-Right.svg</svg> Afvalpunten</button></h3><div class=\\"Panel\\" style=\\"height: 0px;\\" aria-hidden=\\"true\\"><div class=\\"PanelInner\\"><div class=\\"Panel Panel AfvalPunten\\"><h3 class=\\"Heading Heading__medium AfvalpuntContentHeading\\">De afvalpuntenweg <span class=\\"DistanceToHome\\">+/-34KM</span></h3><h3 class=\\"Heading Heading__tiny\\">Adres</h3><p>afvalpuntenweg 23, 1067 BA</p><h3 class=\\"Heading Heading__tiny\\">Telefoon</h3><p><a href=\\"tel:123123123\\">123123123</a></p><h3 class=\\"Heading Heading__tiny\\">E-mail</h3><p><a href=\\"mailto:afval@punt.com\\">afval@punt.com</a></p><h3 class=\\"Heading Heading__tiny\\">Openingstijden</h3><div class=\\"htmlContent OpeningHours\\">van maandag t/m vrijdag 09:00 16:30</div></div></div></div></section><div class=\\"PageContent\\"><p><a rel=\\"external noopener noreferrer\\" href=\\"https://formulier.amsterdam.nl/mail/afval/afvalwijzer/\\" class=\\"Button Button__plain Button__lean Linkd ContactLink\\"><svg aria-hidden=\\"true\\" width=\\"14px\\" height=\\"14px\\" fill=\\"#000\\" class=\\"Icon Icon__left\\">Chevron-Right.svg</svg>Kloppen de dagen, tijden of adressen niet? Geef het aan ons door.</a></p></div></main>"`;
